=== RUN   TestResearch265
=== RUN   TestResearch265/restore_after_10ms
    research_265_test.go:64: options={"ignored":["**/.git/**","**/node_modules/**","**/test-results/**","/private/var/folders/lt/09rsy64x65s_0fp2b8zq3n7m0000gn/T/skgo-devrender-2224215541/web/node_modules/.vite/**","/private/var/folders/lt/09rsy64x65s_0fp2b8zq3n7m0000gn/T/skgo-devrender-2224215541/web/.svelte-kit/!(generated)","/private/var/folders/lt/09rsy64x65s_0fp2b8zq3n7m0000gn/T/skgo-devrender-2224215541/web/.svelte-kit/!(generated)/**","/private/var/folders/lt/09rsy64x65s_0fp2b8zq3n7m0000gn/T/skgo-devrender-2224215541/web/build","/private/var/folders/lt/09rsy64x65s_0fp2b8zq3n7m0000gn/T/skgo-devrender-2224215541/web/build/**","/private/var/folders/lt/09rsy64x65s_0fp2b8zq3n7m0000gn/T/skgo-devrender-2224215541/web/dist/**"],"ignoreInitial":true,"ignorePermissionErrors":true,"disableGlobbing":true,"useFsEvents":false,"usePolling":false,"persistent":true,"interval":100,"binaryInterval":300,"enableBinaryInterval":true,"atomic":true,"followSymlinks":true,"awaitWriteFinish":false} delivered_changes=1 intermediate_probe2=true final_probe1=false final_probe2=true disk_probe1=true
    research_265_test.go:67: {"ms":13515.751166,"kind":"write","file":"/private/var/folders/lt/09rsy64x65s_0fp2b8zq3n7m0000gn/T/skgo-devrender-2224215541/web/src/lib/research-265-1791350309726855000.ts","bytes":"export const probe = 1;\n"}
    research_265_test.go:67: {"ms":13527.886916,"kind":"throttle","file":"/private/var/folders/lt/09rsy64x65s_0fp2b8zq3n7m0000gn/T/skgo-devrender-2224215541/web/src/lib/research-265-1791350309726855000.ts","bytes":"export const probe = 1;\n","action":"add","timeout":0,"allowed":true}
    research_265_test.go:67: {"ms":13528.536125,"kind":"add","file":"/private/var/folders/lt/09rsy64x65s_0fp2b8zq3n7m0000gn/T/skgo-devrender-2224215541/web/src/lib/research-265-1791350309726855000.ts","bytes":"export const probe = 1;\n"}
    research_265_test.go:67: {"ms":14739.346625,"kind":"write","file":"/private/var/folders/lt/09rsy64x65s_0fp2b8zq3n7m0000gn/T/skgo-devrender-2224215541/web/src/lib/research-265-1791350309726855000.ts","bytes":"export const probe = 2;\n"}
    research_265_test.go:67: {"ms":14739.666666,"kind":"throttle","file":"/private/var/folders/lt/09rsy64x65s_0fp2b8zq3n7m0000gn/T/skgo-devrender-2224215541/web/src/lib/research-265-1791350309726855000.ts","bytes":"export const probe = 2;\n","action":"watch","timeout":5,"allowed":true}
    research_265_test.go:67: {"ms":14740.121125,"kind":"throttle","file":"/private/var/folders/lt/09rsy64x65s_0fp2b8zq3n7m0000gn/T/skgo-devrender-2224215541/web/src/lib/research-265-1791350309726855000.ts","bytes":"export const probe = 2;\n","action":"change","timeout":50,"allowed":true}
    research_265_test.go:67: {"ms":14741.162458,"kind":"change","file":"/private/var/folders/lt/09rsy64x65s_0fp2b8zq3n7m0000gn/T/skgo-devrender-2224215541/web/src/lib/research-265-1791350309726855000.ts","bytes":"export const probe = 2;\n"}
    research_265_test.go:67: {"ms":14753.560708,"kind":"throttle","file":"/private/var/folders/lt/09rsy64x65s_0fp2b8zq3n7m0000gn/T/skgo-devrender-2224215541/web/src/lib/research-265-1791350309726855000.ts","bytes":"export const probe = 2;\n","action":"watch","timeout":5,"allowed":true}
    research_265_test.go:67: {"ms":14763.140166,"kind":"write","file":"/private/var/folders/lt/09rsy64x65s_0fp2b8zq3n7m0000gn/T/skgo-devrender-2224215541/web/src/lib/research-265-1791350309726855000.ts","bytes":"export const probe = 1;\n"}
    research_265_test.go:67: {"ms":14763.318583,"kind":"throttle","file":"/private/var/folders/lt/09rsy64x65s_0fp2b8zq3n7m0000gn/T/skgo-devrender-2224215541/web/src/lib/research-265-1791350309726855000.ts","bytes":"export const probe = 1;\n","action":"watch","timeout":5,"allowed":true}
    research_265_test.go:67: {"ms":14763.877791,"kind":"throttle","file":"/private/var/folders/lt/09rsy64x65s_0fp2b8zq3n7m0000gn/T/skgo-devrender-2224215541/web/src/lib/research-265-1791350309726855000.ts","bytes":"export const probe = 1;\n","action":"change","timeout":50,"allowed":false}
    research_265_test.go:67: {"ms":14801.739375,"kind":"throttle","file":"/private/var/folders/lt/09rsy64x65s_0fp2b8zq3n7m0000gn/T/skgo-devrender-2224215541/web/src/lib/research-265-1791350309726855000.ts","bytes":"export const probe = 1;\n","action":"watch","timeout":5,"allowed":true}
    research_265_test.go:81: delivered changes = 1, want 2 actual edits
    research_265_test.go:84: restored file served stale bytes: export const probe = 2;
        
        //# sourceMappingURL=data:application/json;base64,eyJ2ZXJzaW9uIjozLCJzb3VyY2VzIjpbInJlc2VhcmNoLTI2NS0xNzkxMzUwMzA5NzI2ODU1MDAwLnRzIl0sInNvdXJjZXNDb250ZW50IjpbImV4cG9ydCBjb25zdCBwcm9iZSA9IDI7XG4iXSwibmFtZXMiOltdLCJtYXBwaW5ncyI6IkFBQUEsTUFBTSxDQUFDLEtBQUssQ0FBQyxLQUFLLENBQUMsQ0FBQyxDQUFDLENBQUM7In0=
=== RUN   TestResearch265/restore_after_10ms#01
    research_265_test.go:64: options={"ignored":["**/.git/**","**/node_modules/**","**/test-results/**","/private/var/folders/lt/09rsy64x65s_0fp2b8zq3n7m0000gn/T/skgo-devrender-2224215541/web/node_modules/.vite/**","/private/var/folders/lt/09rsy64x65s_0fp2b8zq3n7m0000gn/T/skgo-devrender-2224215541/web/.svelte-kit/!(generated)","/private/var/folders/lt/09rsy64x65s_0fp2b8zq3n7m0000gn/T/skgo-devrender-2224215541/web/.svelte-kit/!(generated)/**","/private/var/folders/lt/09rsy64x65s_0fp2b8zq3n7m0000gn/T/skgo-devrender-2224215541/web/build","/private/var/folders/lt/09rsy64x65s_0fp2b8zq3n7m0000gn/T/skgo-devrender-2224215541/web/build/**","/private/var/folders/lt/09rsy64x65s_0fp2b8zq3n7m0000gn/T/skgo-devrender-2224215541/web/dist/**"],"ignoreInitial":true,"ignorePermissionErrors":true,"disableGlobbing":true,"useFsEvents":false,"usePolling":false,"persistent":true,"interval":100,"binaryInterval":300,"enableBinaryInterval":true,"atomic":true,"followSymlinks":true,"awaitWriteFinish":false} delivered_changes=1 intermediate_probe2=true final_probe1=false final_probe2=true disk_probe1=true
    research_265_test.go:67: {"ms":15073.270791,"kind":"write","file":"/private/var/folders/lt/09rsy64x65s_0fp2b8zq3n7m0000gn/T/skgo-devrender-2224215541/web/src/lib/research-265-1791350311286810000.ts","bytes":"export const probe = 1;\n"}
    research_265_test.go:67: {"ms":15089.594291,"kind":"throttle","file":"/private/var/folders/lt/09rsy64x65s_0fp2b8zq3n7m0000gn/T/skgo-devrender-2224215541/web/src/lib/research-265-1791350311286810000.ts","bytes":"export const probe = 1;\n","action":"add","timeout":0,"allowed":true}
    research_265_test.go:67: {"ms":15089.798125,"kind":"add","file":"/private/var/folders/lt/09rsy64x65s_0fp2b8zq3n7m0000gn/T/skgo-devrender-2224215541/web/src/lib/research-265-1791350311286810000.ts","bytes":"export const probe = 1;\n"}
    research_265_test.go:67: {"ms":15124.8985,"kind":"throttle","file":"/private/var/folders/lt/09rsy64x65s_0fp2b8zq3n7m0000gn/T/skgo-devrender-2224215541/web/src/lib/research-265-1791350311286810000.ts","bytes":"export const probe = 1;\n","action":"watch","timeout":5,"allowed":true}
    research_265_test.go:67: {"ms":16117.293166,"kind":"write","file":"/private/var/folders/lt/09rsy64x65s_0fp2b8zq3n7m0000gn/T/skgo-devrender-2224215541/web/src/lib/research-265-1791350311286810000.ts","bytes":"export const probe = 2;\n"}
    research_265_test.go:67: {"ms":16118.146791,"kind":"throttle","file":"/private/var/folders/lt/09rsy64x65s_0fp2b8zq3n7m0000gn/T/skgo-devrender-2224215541/web/src/lib/research-265-1791350311286810000.ts","bytes":"export const probe = 2;\n","action":"watch","timeout":5,"allowed":true}
    research_265_test.go:67: {"ms":16118.357208,"kind":"throttle","file":"/private/var/folders/lt/09rsy64x65s_0fp2b8zq3n7m0000gn/T/skgo-devrender-2224215541/web/src/lib/research-265-1791350311286810000.ts","bytes":"export const probe = 2;\n","action":"change","timeout":50,"allowed":true}
    research_265_test.go:67: {"ms":16118.636291,"kind":"change","file":"/private/var/folders/lt/09rsy64x65s_0fp2b8zq3n7m0000gn/T/skgo-devrender-2224215541/web/src/lib/research-265-1791350311286810000.ts","bytes":"export const probe = 2;\n"}
    research_265_test.go:67: {"ms":16124.218458,"kind":"throttle","file":"/private/var/folders/lt/09rsy64x65s_0fp2b8zq3n7m0000gn/T/skgo-devrender-2224215541/web/src/lib/research-265-1791350311286810000.ts","bytes":"export const probe = 2;\n","action":"watch","timeout":5,"allowed":true}
    research_265_test.go:67: {"ms":16154.481416,"kind":"write","file":"/private/var/folders/lt/09rsy64x65s_0fp2b8zq3n7m0000gn/T/skgo-devrender-2224215541/web/src/lib/research-265-1791350311286810000.ts","bytes":"export const probe = 1;\n"}
    research_265_test.go:67: {"ms":16157.395375,"kind":"throttle","file":"/private/var/folders/lt/09rsy64x65s_0fp2b8zq3n7m0000gn/T/skgo-devrender-2224215541/web/src/lib/research-265-1791350311286810000.ts","bytes":"export const probe = 1;\n","action":"watch","timeout":5,"allowed":true}
    research_265_test.go:67: {"ms":16159.492041,"kind":"throttle","file":"/private/var/folders/lt/09rsy64x65s_0fp2b8zq3n7m0000gn/T/skgo-devrender-2224215541/web/src/lib/research-265-1791350311286810000.ts","bytes":"export const probe = 1;\n","action":"change","timeout":50,"allowed":false}
    research_265_test.go:67: {"ms":16174.282458,"kind":"throttle","file":"/private/var/folders/lt/09rsy64x65s_0fp2b8zq3n7m0000gn/T/skgo-devrender-2224215541/web/src/lib/research-265-1791350311286810000.ts","bytes":"export const probe = 1;\n","action":"watch","timeout":5,"allowed":true}
    research_265_test.go:81: delivered changes = 1, want 2 actual edits
    research_265_test.go:84: restored file served stale bytes: export const probe = 2;
        
        //# sourceMappingURL=data:application/json;base64,eyJ2ZXJzaW9uIjozLCJzb3VyY2VzIjpbInJlc2VhcmNoLTI2NS0xNzkxMzUwMzExMjg2ODEwMDAwLnRzIl0sInNvdXJjZXNDb250ZW50IjpbImV4cG9ydCBjb25zdCBwcm9iZSA9IDI7XG4iXSwibmFtZXMiOltdLCJtYXBwaW5ncyI6IkFBQUEsTUFBTSxDQUFDLEtBQUssQ0FBQyxLQUFLLENBQUMsQ0FBQyxDQUFDLENBQUM7In0=
=== RUN   TestResearch265/restore_after_10ms#02
    research_265_test.go:64: options={"ignored":["**/.git/**","**/node_modules/**","**/test-results/**","/private/var/folders/lt/09rsy64x65s_0fp2b8zq3n7m0000gn/T/skgo-devrender-2224215541/web/node_modules/.vite/**","/private/var/folders/lt/09rsy64x65s_0fp2b8zq3n7m0000gn/T/skgo-devrender-2224215541/web/.svelte-kit/!(generated)","/private/var/folders/lt/09rsy64x65s_0fp2b8zq3n7m0000gn/T/skgo-devrender-2224215541/web/.svelte-kit/!(generated)/**","/private/var/folders/lt/09rsy64x65s_0fp2b8zq3n7m0000gn/T/skgo-devrender-2224215541/web/build","/private/var/folders/lt/09rsy64x65s_0fp2b8zq3n7m0000gn/T/skgo-devrender-2224215541/web/build/**","/private/var/folders/lt/09rsy64x65s_0fp2b8zq3n7m0000gn/T/skgo-devrender-2224215541/web/dist/**"],"ignoreInitial":true,"ignorePermissionErrors":true,"disableGlobbing":true,"useFsEvents":false,"usePolling":false,"persistent":true,"interval":100,"binaryInterval":300,"enableBinaryInterval":true,"atomic":true,"followSymlinks":true,"awaitWriteFinish":false} delivered_changes=1 intermediate_probe2=true final_probe1=false final_probe2=true disk_probe1=true
    research_265_test.go:67: {"ms":16473.478791,"kind":"write","file":"/private/var/folders/lt/09rsy64x65s_0fp2b8zq3n7m0000gn/T/skgo-devrender-2224215541/web/src/lib/research-265-1791350312686462000.ts","bytes":"export const probe = 1;\n"}
    research_265_test.go:67: {"ms":16484.772666,"kind":"throttle","file":"/private/var/folders/lt/09rsy64x65s_0fp2b8zq3n7m0000gn/T/skgo-devrender-2224215541/web/src/lib/research-265-1791350312686462000.ts","bytes":"export const probe = 1;\n","action":"add","timeout":0,"allowed":true}
    research_265_test.go:67: {"ms":16485.01275,"kind":"add","file":"/private/var/folders/lt/09rsy64x65s_0fp2b8zq3n7m0000gn/T/skgo-devrender-2224215541/web/src/lib/research-265-1791350312686462000.ts","bytes":"export const probe = 1;\n"}
    research_265_test.go:67: {"ms":17514.523208,"kind":"write","file":"/private/var/folders/lt/09rsy64x65s_0fp2b8zq3n7m0000gn/T/skgo-devrender-2224215541/web/src/lib/research-265-1791350312686462000.ts","bytes":"export const probe = 2;\n"}
    research_265_test.go:67: {"ms":17514.758875,"kind":"throttle","file":"/private/var/folders/lt/09rsy64x65s_0fp2b8zq3n7m0000gn/T/skgo-devrender-2224215541/web/src/lib/research-265-1791350312686462000.ts","bytes":"export const probe = 2;\n","action":"watch","timeout":5,"allowed":true}
    research_265_test.go:67: {"ms":17515.19,"kind":"throttle","file":"/private/var/folders/lt/09rsy64x65s_0fp2b8zq3n7m0000gn/T/skgo-devrender-2224215541/web/src/lib/research-265-1791350312686462000.ts","bytes":"export const probe = 2;\n","action":"change","timeout":50,"allowed":true}
    research_265_test.go:67: {"ms":17515.426333,"kind":"change","file":"/private/var/folders/lt/09rsy64x65s_0fp2b8zq3n7m0000gn/T/skgo-devrender-2224215541/web/src/lib/research-265-1791350312686462000.ts","bytes":"export const probe = 2;\n"}
    research_265_test.go:67: {"ms":17519.68625,"kind":"throttle","file":"/private/var/folders/lt/09rsy64x65s_0fp2b8zq3n7m0000gn/T/skgo-devrender-2224215541/web/src/lib/research-265-1791350312686462000.ts","bytes":"export const probe = 2;\n","action":"watch","timeout":5,"allowed":false}
    research_265_test.go:67: {"ms":17531.87575,"kind":"write","file":"/private/var/folders/lt/09rsy64x65s_0fp2b8zq3n7m0000gn/T/skgo-devrender-2224215541/web/src/lib/research-265-1791350312686462000.ts","bytes":"export const probe = 1;\n"}
    research_265_test.go:67: {"ms":17532.078291,"kind":"throttle","file":"/private/var/folders/lt/09rsy64x65s_0fp2b8zq3n7m0000gn/T/skgo-devrender-2224215541/web/src/lib/research-265-1791350312686462000.ts","bytes":"export const probe = 1;\n","action":"watch","timeout":5,"allowed":true}
    research_265_test.go:67: {"ms":17532.358375,"kind":"throttle","file":"/private/var/folders/lt/09rsy64x65s_0fp2b8zq3n7m0000gn/T/skgo-devrender-2224215541/web/src/lib/research-265-1791350312686462000.ts","bytes":"export const probe = 1;\n","action":"change","timeout":50,"allowed":false}
    research_265_test.go:67: {"ms":17570.844916,"kind":"throttle","file":"/private/var/folders/lt/09rsy64x65s_0fp2b8zq3n7m0000gn/T/skgo-devrender-2224215541/web/src/lib/research-265-1791350312686462000.ts","bytes":"export const probe = 1;\n","action":"watch","timeout":5,"allowed":true}
    research_265_test.go:81: delivered changes = 1, want 2 actual edits
    research_265_test.go:84: restored file served stale bytes: export const probe = 2;
        
        //# sourceMappingURL=data:application/json;base64,eyJ2ZXJzaW9uIjozLCJzb3VyY2VzIjpbInJlc2VhcmNoLTI2NS0xNzkxMzUwMzEyNjg2NDYyMDAwLnRzIl0sInNvdXJjZXNDb250ZW50IjpbImV4cG9ydCBjb25zdCBwcm9iZSA9IDI7XG4iXSwibmFtZXMiOltdLCJtYXBwaW5ncyI6IkFBQUEsTUFBTSxDQUFDLEtBQUssQ0FBQyxLQUFLLENBQUMsQ0FBQyxDQUFDLENBQUM7In0=
=== RUN   TestResearch265/restore_after_150ms
    research_265_test.go:64: options={"ignored":["**/.git/**","**/node_modules/**","**/test-results/**","/private/var/folders/lt/09rsy64x65s_0fp2b8zq3n7m0000gn/T/skgo-devrender-2224215541/web/node_modules/.vite/**","/private/var/folders/lt/09rsy64x65s_0fp2b8zq3n7m0000gn/T/skgo-devrender-2224215541/web/.svelte-kit/!(generated)","/private/var/folders/lt/09rsy64x65s_0fp2b8zq3n7m0000gn/T/skgo-devrender-2224215541/web/.svelte-kit/!(generated)/**","/private/var/folders/lt/09rsy64x65s_0fp2b8zq3n7m0000gn/T/skgo-devrender-2224215541/web/build","/private/var/folders/lt/09rsy64x65s_0fp2b8zq3n7m0000gn/T/skgo-devrender-2224215541/web/build/**","/private/var/folders/lt/09rsy64x65s_0fp2b8zq3n7m0000gn/T/skgo-devrender-2224215541/web/dist/**"],"ignoreInitial":true,"ignorePermissionErrors":true,"disableGlobbing":true,"useFsEvents":false,"usePolling":false,"persistent":true,"interval":100,"binaryInterval":300,"enableBinaryInterval":true,"atomic":true,"followSymlinks":true,"awaitWriteFinish":false} delivered_changes=2 intermediate_probe2=true final_probe1=true final_probe2=false disk_probe1=true
    research_265_test.go:67: {"ms":17843.500958,"kind":"write","file":"/private/var/folders/lt/09rsy64x65s_0fp2b8zq3n7m0000gn/T/skgo-devrender-2224215541/web/src/lib/research-265-1791350314057545000.ts","bytes":"export const probe = 1;\n"}
    research_265_test.go:67: {"ms":17847.512625,"kind":"throttle","file":"/private/var/folders/lt/09rsy64x65s_0fp2b8zq3n7m0000gn/T/skgo-devrender-2224215541/web/src/lib/research-265-1791350314057545000.ts","bytes":"export const probe = 1;\n","action":"add","timeout":0,"allowed":true}
    research_265_test.go:67: {"ms":17847.708708,"kind":"add","file":"/private/var/folders/lt/09rsy64x65s_0fp2b8zq3n7m0000gn/T/skgo-devrender-2224215541/web/src/lib/research-265-1791350314057545000.ts","bytes":"export const probe = 1;\n"}
    research_265_test.go:67: {"ms":18873.653625,"kind":"write","file":"/private/var/folders/lt/09rsy64x65s_0fp2b8zq3n7m0000gn/T/skgo-devrender-2224215541/web/src/lib/research-265-1791350314057545000.ts","bytes":"export const probe = 2;\n"}
    research_265_test.go:67: {"ms":18873.908583,"kind":"throttle","file":"/private/var/folders/lt/09rsy64x65s_0fp2b8zq3n7m0000gn/T/skgo-devrender-2224215541/web/src/lib/research-265-1791350314057545000.ts","bytes":"export const probe = 2;\n","action":"watch","timeout":5,"allowed":true}
    research_265_test.go:67: {"ms":18874.050208,"kind":"throttle","file":"/private/var/folders/lt/09rsy64x65s_0fp2b8zq3n7m0000gn/T/skgo-devrender-2224215541/web/src/lib/research-265-1791350314057545000.ts","bytes":"export const probe = 2;\n","action":"watch","timeout":5,"allowed":false}
    research_265_test.go:67: {"ms":18874.56925,"kind":"throttle","file":"/private/var/folders/lt/09rsy64x65s_0fp2b8zq3n7m0000gn/T/skgo-devrender-2224215541/web/src/lib/research-265-1791350314057545000.ts","bytes":"export const probe = 2;\n","action":"change","timeout":50,"allowed":true}
    research_265_test.go:67: {"ms":18874.828791,"kind":"change","file":"/private/var/folders/lt/09rsy64x65s_0fp2b8zq3n7m0000gn/T/skgo-devrender-2224215541/web/src/lib/research-265-1791350314057545000.ts","bytes":"export const probe = 2;\n"}
    research_265_test.go:67: {"ms":18925.08475,"kind":"throttle","file":"/private/var/folders/lt/09rsy64x65s_0fp2b8zq3n7m0000gn/T/skgo-devrender-2224215541/web/src/lib/research-265-1791350314057545000.ts","bytes":"export const probe = 2;\n","action":"watch","timeout":5,"allowed":true}
    research_265_test.go:67: {"ms":19032.542375,"kind":"write","file":"/private/var/folders/lt/09rsy64x65s_0fp2b8zq3n7m0000gn/T/skgo-devrender-2224215541/web/src/lib/research-265-1791350314057545000.ts","bytes":"export const probe = 1;\n"}
    research_265_test.go:67: {"ms":19032.795208,"kind":"throttle","file":"/private/var/folders/lt/09rsy64x65s_0fp2b8zq3n7m0000gn/T/skgo-devrender-2224215541/web/src/lib/research-265-1791350314057545000.ts","bytes":"export const probe = 1;\n","action":"watch","timeout":5,"allowed":true}
    research_265_test.go:67: {"ms":19033.970875,"kind":"throttle","file":"/private/var/folders/lt/09rsy64x65s_0fp2b8zq3n7m0000gn/T/skgo-devrender-2224215541/web/src/lib/research-265-1791350314057545000.ts","bytes":"export const probe = 1;\n","action":"change","timeout":50,"allowed":true}
    research_265_test.go:67: {"ms":19034.211333,"kind":"change","file":"/private/var/folders/lt/09rsy64x65s_0fp2b8zq3n7m0000gn/T/skgo-devrender-2224215541/web/src/lib/research-265-1791350314057545000.ts","bytes":"export const probe = 1;\n"}
    research_265_test.go:67: {"ms":19044.02975,"kind":"throttle","file":"/private/var/folders/lt/09rsy64x65s_0fp2b8zq3n7m0000gn/T/skgo-devrender-2224215541/web/src/lib/research-265-1791350314057545000.ts","bytes":"export const probe = 1;\n","action":"watch","timeout":5,"allowed":true}
--- FAIL: TestResearch265 (5.83s)
    --- FAIL: TestResearch265/restore_after_10ms (1.56s)
    --- FAIL: TestResearch265/restore_after_10ms#01 (1.40s)
    --- FAIL: TestResearch265/restore_after_10ms#02 (1.37s)
    --- PASS: TestResearch265/restore_after_150ms (1.50s)
FAIL
--- vp dev ---
note: You are running `vp dev` as a Vite+ built-in command. If you meant to run the dev npm script, use `vpr dev` instead.
10:18:20 PM [vite+] (ssr) connected.
10:18:21 PM [vite+] (client) Forced re-optimization of dependencies

  VITE+ v1.0.0  

  ➜  Local:   http://127.0.0.1:49202/
10:18:29 PM [vite+] (client) page reload src/lib/research-265-1791350309726855000.ts
10:18:30 PM [vite+] (client) page reload src/lib/research-265-1791350309726855000.ts
10:18:31 PM [vite+] (client) page reload src/lib/research-265-1791350309726855000.ts
10:18:32 PM [vite+] (client) page reload src/lib/research-265-1791350311286810000.ts
10:18:32 PM [vite+] (client) page reload src/lib/research-265-1791350311286810000.ts
10:18:33 PM [vite+] (client) page reload src/lib/research-265-1791350312686462000.ts
10:18:34 PM [vite+] (client) page reload src/lib/research-265-1791350312686462000.ts
10:18:35 PM [vite+] (client) page reload src/lib/research-265-1791350314057545000.ts
10:18:35 PM [vite+] (client) page reload src/lib/research-265-1791350314057545000.ts
FAIL	github.com/tylergannon/skgo/example/devrender	21.586s
FAIL
