=== RUN   TestAFileTouchedWithoutBeingChangedIsNotAnEdit
--- PASS: TestAFileTouchedWithoutBeingChangedIsNotAnEdit (3.40s)
=== RUN   TestResearch265
=== RUN   TestResearch265/restore_after_10ms
    research_265_test.go:64: options={"ignored":["**/.git/**","**/node_modules/**","**/test-results/**","/private/var/folders/lt/09rsy64x65s_0fp2b8zq3n7m0000gn/T/skgo-devrender-1631357285/web/node_modules/.vite/**","/private/var/folders/lt/09rsy64x65s_0fp2b8zq3n7m0000gn/T/skgo-devrender-1631357285/web/.svelte-kit/!(generated)","/private/var/folders/lt/09rsy64x65s_0fp2b8zq3n7m0000gn/T/skgo-devrender-1631357285/web/.svelte-kit/!(generated)/**","/private/var/folders/lt/09rsy64x65s_0fp2b8zq3n7m0000gn/T/skgo-devrender-1631357285/web/build","/private/var/folders/lt/09rsy64x65s_0fp2b8zq3n7m0000gn/T/skgo-devrender-1631357285/web/build/**","/private/var/folders/lt/09rsy64x65s_0fp2b8zq3n7m0000gn/T/skgo-devrender-1631357285/web/dist/**"],"ignoreInitial":true,"ignorePermissionErrors":true,"disableGlobbing":true,"useFsEvents":false,"usePolling":false,"awaitWriteFinish":{"stabilityThreshold":50,"pollInterval":10},"persistent":true,"interval":100,"binaryInterval":300,"enableBinaryInterval":true,"atomic":true,"followSymlinks":true} delivered_changes=2 intermediate_probe2=true final_probe1=true final_probe2=false disk_probe1=true
    research_265_test.go:67: {"ms":15505.097958,"kind":"write","file":"/private/var/folders/lt/09rsy64x65s_0fp2b8zq3n7m0000gn/T/skgo-devrender-1631357285/web/src/lib/research-265-1791350340720990000.ts","bytes":"export const probe = 1;\n"}
    research_265_test.go:67: {"ms":15517.242083,"kind":"throttle","file":"/private/var/folders/lt/09rsy64x65s_0fp2b8zq3n7m0000gn/T/skgo-devrender-1631357285/web/src/lib/research-265-1791350340720990000.ts","bytes":"export const probe = 1;\n","action":"add","timeout":0,"allowed":true}
    research_265_test.go:67: {"ms":15552.616958,"kind":"throttle","file":"/private/var/folders/lt/09rsy64x65s_0fp2b8zq3n7m0000gn/T/skgo-devrender-1631357285/web/src/lib/research-265-1791350340720990000.ts","bytes":"export const probe = 1;\n","action":"watch","timeout":5,"allowed":true}
    research_265_test.go:67: {"ms":15576.472458,"kind":"add","file":"/private/var/folders/lt/09rsy64x65s_0fp2b8zq3n7m0000gn/T/skgo-devrender-1631357285/web/src/lib/research-265-1791350340720990000.ts","bytes":"export const probe = 1;\n"}
    research_265_test.go:67: {"ms":16775.357833,"kind":"write","file":"/private/var/folders/lt/09rsy64x65s_0fp2b8zq3n7m0000gn/T/skgo-devrender-1631357285/web/src/lib/research-265-1791350340720990000.ts","bytes":"export const probe = 2;\n"}
    research_265_test.go:67: {"ms":16775.600833,"kind":"throttle","file":"/private/var/folders/lt/09rsy64x65s_0fp2b8zq3n7m0000gn/T/skgo-devrender-1631357285/web/src/lib/research-265-1791350340720990000.ts","bytes":"export const probe = 2;\n","action":"watch","timeout":5,"allowed":true}
    research_265_test.go:67: {"ms":16788.984791,"kind":"throttle","file":"/private/var/folders/lt/09rsy64x65s_0fp2b8zq3n7m0000gn/T/skgo-devrender-1631357285/web/src/lib/research-265-1791350340720990000.ts","bytes":"export const probe = 2;\n","action":"watch","timeout":5,"allowed":true}
    research_265_test.go:67: {"ms":16833.40175,"kind":"change","file":"/private/var/folders/lt/09rsy64x65s_0fp2b8zq3n7m0000gn/T/skgo-devrender-1631357285/web/src/lib/research-265-1791350340720990000.ts","bytes":"export const probe = 2;\n"}
    research_265_test.go:67: {"ms":16880.023041,"kind":"write","file":"/private/var/folders/lt/09rsy64x65s_0fp2b8zq3n7m0000gn/T/skgo-devrender-1631357285/web/src/lib/research-265-1791350340720990000.ts","bytes":"export const probe = 1;\n"}
    research_265_test.go:67: {"ms":16880.493458,"kind":"throttle","file":"/private/var/folders/lt/09rsy64x65s_0fp2b8zq3n7m0000gn/T/skgo-devrender-1631357285/web/src/lib/research-265-1791350340720990000.ts","bytes":"export const probe = 1;\n","action":"watch","timeout":5,"allowed":true}
    research_265_test.go:67: {"ms":16892.57725,"kind":"throttle","file":"/private/var/folders/lt/09rsy64x65s_0fp2b8zq3n7m0000gn/T/skgo-devrender-1631357285/web/src/lib/research-265-1791350340720990000.ts","bytes":"export const probe = 1;\n","action":"watch","timeout":5,"allowed":true}
    research_265_test.go:67: {"ms":16943.578916,"kind":"change","file":"/private/var/folders/lt/09rsy64x65s_0fp2b8zq3n7m0000gn/T/skgo-devrender-1631357285/web/src/lib/research-265-1791350340720990000.ts","bytes":"export const probe = 1;\n"}
=== RUN   TestResearch265/restore_after_10ms#01
    research_265_test.go:64: options={"ignored":["**/.git/**","**/node_modules/**","**/test-results/**","/private/var/folders/lt/09rsy64x65s_0fp2b8zq3n7m0000gn/T/skgo-devrender-1631357285/web/node_modules/.vite/**","/private/var/folders/lt/09rsy64x65s_0fp2b8zq3n7m0000gn/T/skgo-devrender-1631357285/web/.svelte-kit/!(generated)","/private/var/folders/lt/09rsy64x65s_0fp2b8zq3n7m0000gn/T/skgo-devrender-1631357285/web/.svelte-kit/!(generated)/**","/private/var/folders/lt/09rsy64x65s_0fp2b8zq3n7m0000gn/T/skgo-devrender-1631357285/web/build","/private/var/folders/lt/09rsy64x65s_0fp2b8zq3n7m0000gn/T/skgo-devrender-1631357285/web/build/**","/private/var/folders/lt/09rsy64x65s_0fp2b8zq3n7m0000gn/T/skgo-devrender-1631357285/web/dist/**"],"ignoreInitial":true,"ignorePermissionErrors":true,"disableGlobbing":true,"useFsEvents":false,"usePolling":false,"awaitWriteFinish":{"stabilityThreshold":50,"pollInterval":10},"persistent":true,"interval":100,"binaryInterval":300,"enableBinaryInterval":true,"atomic":true,"followSymlinks":true} delivered_changes=2 intermediate_probe2=true final_probe1=true final_probe2=false disk_probe1=true
    research_265_test.go:67: {"ms":17197.438416,"kind":"write","file":"/private/var/folders/lt/09rsy64x65s_0fp2b8zq3n7m0000gn/T/skgo-devrender-1631357285/web/src/lib/research-265-1791350342417506000.ts","bytes":"export const probe = 1;\n"}
    research_265_test.go:67: {"ms":17202.841125,"kind":"throttle","file":"/private/var/folders/lt/09rsy64x65s_0fp2b8zq3n7m0000gn/T/skgo-devrender-1631357285/web/src/lib/research-265-1791350342417506000.ts","bytes":"export const probe = 1;\n","action":"add","timeout":0,"allowed":true}
    research_265_test.go:67: {"ms":17255.569166,"kind":"add","file":"/private/var/folders/lt/09rsy64x65s_0fp2b8zq3n7m0000gn/T/skgo-devrender-1631357285/web/src/lib/research-265-1791350342417506000.ts","bytes":"export const probe = 1;\n"}
    research_265_test.go:67: {"ms":18438.8175,"kind":"write","file":"/private/var/folders/lt/09rsy64x65s_0fp2b8zq3n7m0000gn/T/skgo-devrender-1631357285/web/src/lib/research-265-1791350342417506000.ts","bytes":"export const probe = 2;\n"}
    research_265_test.go:67: {"ms":18440.33175,"kind":"throttle","file":"/private/var/folders/lt/09rsy64x65s_0fp2b8zq3n7m0000gn/T/skgo-devrender-1631357285/web/src/lib/research-265-1791350342417506000.ts","bytes":"export const probe = 2;\n","action":"watch","timeout":5,"allowed":true}
    research_265_test.go:67: {"ms":18441.589708,"kind":"throttle","file":"/private/var/folders/lt/09rsy64x65s_0fp2b8zq3n7m0000gn/T/skgo-devrender-1631357285/web/src/lib/research-265-1791350342417506000.ts","bytes":"export const probe = 2;\n","action":"watch","timeout":5,"allowed":false}
    research_265_test.go:67: {"ms":18495.661708,"kind":"change","file":"/private/var/folders/lt/09rsy64x65s_0fp2b8zq3n7m0000gn/T/skgo-devrender-1631357285/web/src/lib/research-265-1791350342417506000.ts","bytes":"export const probe = 2;\n"}
    research_265_test.go:67: {"ms":18511.1665,"kind":"write","file":"/private/var/folders/lt/09rsy64x65s_0fp2b8zq3n7m0000gn/T/skgo-devrender-1631357285/web/src/lib/research-265-1791350342417506000.ts","bytes":"export const probe = 1;\n"}
    research_265_test.go:67: {"ms":18511.566833,"kind":"throttle","file":"/private/var/folders/lt/09rsy64x65s_0fp2b8zq3n7m0000gn/T/skgo-devrender-1631357285/web/src/lib/research-265-1791350342417506000.ts","bytes":"export const probe = 1;\n","action":"watch","timeout":5,"allowed":true}
    research_265_test.go:67: {"ms":18511.901125,"kind":"throttle","file":"/private/var/folders/lt/09rsy64x65s_0fp2b8zq3n7m0000gn/T/skgo-devrender-1631357285/web/src/lib/research-265-1791350342417506000.ts","bytes":"export const probe = 1;\n","action":"watch","timeout":5,"allowed":false}
    research_265_test.go:67: {"ms":18571.813958,"kind":"change","file":"/private/var/folders/lt/09rsy64x65s_0fp2b8zq3n7m0000gn/T/skgo-devrender-1631357285/web/src/lib/research-265-1791350342417506000.ts","bytes":"export const probe = 1;\n"}
=== RUN   TestResearch265/restore_after_10ms#02
    research_265_test.go:64: options={"ignored":["**/.git/**","**/node_modules/**","**/test-results/**","/private/var/folders/lt/09rsy64x65s_0fp2b8zq3n7m0000gn/T/skgo-devrender-1631357285/web/node_modules/.vite/**","/private/var/folders/lt/09rsy64x65s_0fp2b8zq3n7m0000gn/T/skgo-devrender-1631357285/web/.svelte-kit/!(generated)","/private/var/folders/lt/09rsy64x65s_0fp2b8zq3n7m0000gn/T/skgo-devrender-1631357285/web/.svelte-kit/!(generated)/**","/private/var/folders/lt/09rsy64x65s_0fp2b8zq3n7m0000gn/T/skgo-devrender-1631357285/web/build","/private/var/folders/lt/09rsy64x65s_0fp2b8zq3n7m0000gn/T/skgo-devrender-1631357285/web/build/**","/private/var/folders/lt/09rsy64x65s_0fp2b8zq3n7m0000gn/T/skgo-devrender-1631357285/web/dist/**"],"ignoreInitial":true,"ignorePermissionErrors":true,"disableGlobbing":true,"useFsEvents":false,"usePolling":false,"awaitWriteFinish":{"stabilityThreshold":50,"pollInterval":10},"persistent":true,"interval":100,"binaryInterval":300,"enableBinaryInterval":true,"atomic":true,"followSymlinks":true} delivered_changes=2 intermediate_probe2=true final_probe1=true final_probe2=false disk_probe1=true
    research_265_test.go:67: {"ms":18838.392916,"kind":"write","file":"/private/var/folders/lt/09rsy64x65s_0fp2b8zq3n7m0000gn/T/skgo-devrender-1631357285/web/src/lib/research-265-1791350344052978000.ts","bytes":"export const probe = 1;\n"}
    research_265_test.go:67: {"ms":18862.380041,"kind":"throttle","file":"/private/var/folders/lt/09rsy64x65s_0fp2b8zq3n7m0000gn/T/skgo-devrender-1631357285/web/src/lib/research-265-1791350344052978000.ts","bytes":"export const probe = 1;\n","action":"add","timeout":0,"allowed":true}
    research_265_test.go:67: {"ms":18917.486416,"kind":"add","file":"/private/var/folders/lt/09rsy64x65s_0fp2b8zq3n7m0000gn/T/skgo-devrender-1631357285/web/src/lib/research-265-1791350344052978000.ts","bytes":"export const probe = 1;\n"}
    research_265_test.go:67: {"ms":20120.549125,"kind":"write","file":"/private/var/folders/lt/09rsy64x65s_0fp2b8zq3n7m0000gn/T/skgo-devrender-1631357285/web/src/lib/research-265-1791350344052978000.ts","bytes":"export const probe = 2;\n"}
    research_265_test.go:67: {"ms":20122.330166,"kind":"throttle","file":"/private/var/folders/lt/09rsy64x65s_0fp2b8zq3n7m0000gn/T/skgo-devrender-1631357285/web/src/lib/research-265-1791350344052978000.ts","bytes":"export const probe = 2;\n","action":"watch","timeout":5,"allowed":true}
    research_265_test.go:67: {"ms":20129.007125,"kind":"throttle","file":"/private/var/folders/lt/09rsy64x65s_0fp2b8zq3n7m0000gn/T/skgo-devrender-1631357285/web/src/lib/research-265-1791350344052978000.ts","bytes":"export const probe = 2;\n","action":"watch","timeout":5,"allowed":true}
    research_265_test.go:67: {"ms":20198.685458,"kind":"change","file":"/private/var/folders/lt/09rsy64x65s_0fp2b8zq3n7m0000gn/T/skgo-devrender-1631357285/web/src/lib/research-265-1791350344052978000.ts","bytes":"export const probe = 2;\n"}
    research_265_test.go:67: {"ms":20217.687666,"kind":"write","file":"/private/var/folders/lt/09rsy64x65s_0fp2b8zq3n7m0000gn/T/skgo-devrender-1631357285/web/src/lib/research-265-1791350344052978000.ts","bytes":"export const probe = 1;\n"}
    research_265_test.go:67: {"ms":20218.274625,"kind":"throttle","file":"/private/var/folders/lt/09rsy64x65s_0fp2b8zq3n7m0000gn/T/skgo-devrender-1631357285/web/src/lib/research-265-1791350344052978000.ts","bytes":"export const probe = 1;\n","action":"watch","timeout":5,"allowed":true}
    research_265_test.go:67: {"ms":20231.005833,"kind":"throttle","file":"/private/var/folders/lt/09rsy64x65s_0fp2b8zq3n7m0000gn/T/skgo-devrender-1631357285/web/src/lib/research-265-1791350344052978000.ts","bytes":"export const probe = 1;\n","action":"watch","timeout":5,"allowed":true}
    research_265_test.go:67: {"ms":20271.233083,"kind":"change","file":"/private/var/folders/lt/09rsy64x65s_0fp2b8zq3n7m0000gn/T/skgo-devrender-1631357285/web/src/lib/research-265-1791350344052978000.ts","bytes":"export const probe = 1;\n"}
=== RUN   TestResearch265/restore_after_150ms
    research_265_test.go:64: options={"ignored":["**/.git/**","**/node_modules/**","**/test-results/**","/private/var/folders/lt/09rsy64x65s_0fp2b8zq3n7m0000gn/T/skgo-devrender-1631357285/web/node_modules/.vite/**","/private/var/folders/lt/09rsy64x65s_0fp2b8zq3n7m0000gn/T/skgo-devrender-1631357285/web/.svelte-kit/!(generated)","/private/var/folders/lt/09rsy64x65s_0fp2b8zq3n7m0000gn/T/skgo-devrender-1631357285/web/.svelte-kit/!(generated)/**","/private/var/folders/lt/09rsy64x65s_0fp2b8zq3n7m0000gn/T/skgo-devrender-1631357285/web/build","/private/var/folders/lt/09rsy64x65s_0fp2b8zq3n7m0000gn/T/skgo-devrender-1631357285/web/build/**","/private/var/folders/lt/09rsy64x65s_0fp2b8zq3n7m0000gn/T/skgo-devrender-1631357285/web/dist/**"],"ignoreInitial":true,"ignorePermissionErrors":true,"disableGlobbing":true,"useFsEvents":false,"usePolling":false,"awaitWriteFinish":{"stabilityThreshold":50,"pollInterval":10},"persistent":true,"interval":100,"binaryInterval":300,"enableBinaryInterval":true,"atomic":true,"followSymlinks":true} delivered_changes=2 intermediate_probe2=true final_probe1=true final_probe2=false disk_probe1=true
    research_265_test.go:67: {"ms":20555.077166,"kind":"write","file":"/private/var/folders/lt/09rsy64x65s_0fp2b8zq3n7m0000gn/T/skgo-devrender-1631357285/web/src/lib/research-265-1791350345767970000.ts","bytes":"export const probe = 1;\n"}
    research_265_test.go:67: {"ms":20565.115,"kind":"throttle","file":"/private/var/folders/lt/09rsy64x65s_0fp2b8zq3n7m0000gn/T/skgo-devrender-1631357285/web/src/lib/research-265-1791350345767970000.ts","bytes":"export const probe = 1;\n","action":"add","timeout":0,"allowed":true}
    research_265_test.go:67: {"ms":20621.227791,"kind":"add","file":"/private/var/folders/lt/09rsy64x65s_0fp2b8zq3n7m0000gn/T/skgo-devrender-1631357285/web/src/lib/research-265-1791350345767970000.ts","bytes":"export const probe = 1;\n"}
    research_265_test.go:67: {"ms":21811.518666,"kind":"write","file":"/private/var/folders/lt/09rsy64x65s_0fp2b8zq3n7m0000gn/T/skgo-devrender-1631357285/web/src/lib/research-265-1791350345767970000.ts","bytes":"export const probe = 2;\n"}
    research_265_test.go:67: {"ms":21812.054541,"kind":"throttle","file":"/private/var/folders/lt/09rsy64x65s_0fp2b8zq3n7m0000gn/T/skgo-devrender-1631357285/web/src/lib/research-265-1791350345767970000.ts","bytes":"export const probe = 2;\n","action":"watch","timeout":5,"allowed":true}
    research_265_test.go:67: {"ms":21815.775833,"kind":"throttle","file":"/private/var/folders/lt/09rsy64x65s_0fp2b8zq3n7m0000gn/T/skgo-devrender-1631357285/web/src/lib/research-265-1791350345767970000.ts","bytes":"export const probe = 2;\n","action":"watch","timeout":5,"allowed":false}
    research_265_test.go:67: {"ms":21869.120041,"kind":"change","file":"/private/var/folders/lt/09rsy64x65s_0fp2b8zq3n7m0000gn/T/skgo-devrender-1631357285/web/src/lib/research-265-1791350345767970000.ts","bytes":"export const probe = 2;\n"}
    research_265_test.go:67: {"ms":22030.876791,"kind":"write","file":"/private/var/folders/lt/09rsy64x65s_0fp2b8zq3n7m0000gn/T/skgo-devrender-1631357285/web/src/lib/research-265-1791350345767970000.ts","bytes":"export const probe = 1;\n"}
    research_265_test.go:67: {"ms":22031.179208,"kind":"throttle","file":"/private/var/folders/lt/09rsy64x65s_0fp2b8zq3n7m0000gn/T/skgo-devrender-1631357285/web/src/lib/research-265-1791350345767970000.ts","bytes":"export const probe = 1;\n","action":"watch","timeout":5,"allowed":true}
    research_265_test.go:67: {"ms":22040.192125,"kind":"throttle","file":"/private/var/folders/lt/09rsy64x65s_0fp2b8zq3n7m0000gn/T/skgo-devrender-1631357285/web/src/lib/research-265-1791350345767970000.ts","bytes":"export const probe = 1;\n","action":"watch","timeout":5,"allowed":true}
    research_265_test.go:67: {"ms":22085.16175,"kind":"change","file":"/private/var/folders/lt/09rsy64x65s_0fp2b8zq3n7m0000gn/T/skgo-devrender-1631357285/web/src/lib/research-265-1791350345767970000.ts","bytes":"export const probe = 1;\n"}
--- PASS: TestResearch265 (6.86s)
    --- PASS: TestResearch265/restore_after_10ms (1.70s)
    --- PASS: TestResearch265/restore_after_10ms#01 (1.64s)
    --- PASS: TestResearch265/restore_after_10ms#02 (1.71s)
    --- PASS: TestResearch265/restore_after_150ms (1.81s)
PASS
ok  	github.com/tylergannon/skgo/example/devrender	24.407s
