=== RUN   TestResearch265
=== RUN   TestResearch265/restore_after_10ms
    research_265_test.go:48: options={"ignored":["**/.git/**","**/node_modules/**","**/test-results/**","/private/var/folders/lt/09rsy64x65s_0fp2b8zq3n7m0000gn/T/skgo-devrender-4169928267/web/node_modules/.vite/**","/private/var/folders/lt/09rsy64x65s_0fp2b8zq3n7m0000gn/T/skgo-devrender-4169928267/web/.svelte-kit/!(generated)","/private/var/folders/lt/09rsy64x65s_0fp2b8zq3n7m0000gn/T/skgo-devrender-4169928267/web/.svelte-kit/!(generated)/**","/private/var/folders/lt/09rsy64x65s_0fp2b8zq3n7m0000gn/T/skgo-devrender-4169928267/web/build","/private/var/folders/lt/09rsy64x65s_0fp2b8zq3n7m0000gn/T/skgo-devrender-4169928267/web/build/**","/private/var/folders/lt/09rsy64x65s_0fp2b8zq3n7m0000gn/T/skgo-devrender-4169928267/web/dist/**"],"ignoreInitial":true,"ignorePermissionErrors":true,"disableGlobbing":true,"persistent":true,"interval":100,"binaryInterval":300,"enableBinaryInterval":true,"useFsEvents":true,"atomic":false,"followSymlinks":true,"awaitWriteFinish":false} delivered_changes=2 intermediate_probe2=true final_probe1=true final_probe2=false disk_probe1=true
    research_265_test.go:49: {"ms":6921.298416,"kind":"write","file":"/private/var/folders/lt/09rsy64x65s_0fp2b8zq3n7m0000gn/T/skgo-devrender-4169928267/web/src/lib/research-265-1791350160303091000.ts","bytes":"export const probe = 1;\n"}
    research_265_test.go:49: {"ms":6944.764541,"kind":"add","file":"/private/var/folders/lt/09rsy64x65s_0fp2b8zq3n7m0000gn/T/skgo-devrender-4169928267/web/src/lib/research-265-1791350160303091000.ts","bytes":"export const probe = 1;\n"}
    research_265_test.go:49: {"ms":7988.715666,"kind":"write","file":"/private/var/folders/lt/09rsy64x65s_0fp2b8zq3n7m0000gn/T/skgo-devrender-4169928267/web/src/lib/research-265-1791350160303091000.ts","bytes":"export const probe = 2;\n"}
    research_265_test.go:49: {"ms":8057.918458,"kind":"throttle","file":"/private/var/folders/lt/09rsy64x65s_0fp2b8zq3n7m0000gn/T/skgo-devrender-4169928267/web/src/lib/research-265-1791350160303091000.ts","bytes":"export const probe = 2;\n","action":"change","timeout":50,"allowed":true}
    research_265_test.go:49: {"ms":8058.333333,"kind":"change","file":"/private/var/folders/lt/09rsy64x65s_0fp2b8zq3n7m0000gn/T/skgo-devrender-4169928267/web/src/lib/research-265-1791350160303091000.ts","bytes":"export const probe = 2;\n"}
    research_265_test.go:49: {"ms":8072.415708,"kind":"write","file":"/private/var/folders/lt/09rsy64x65s_0fp2b8zq3n7m0000gn/T/skgo-devrender-4169928267/web/src/lib/research-265-1791350160303091000.ts","bytes":"export const probe = 1;\n"}
    research_265_test.go:49: {"ms":8159.091833,"kind":"throttle","file":"/private/var/folders/lt/09rsy64x65s_0fp2b8zq3n7m0000gn/T/skgo-devrender-4169928267/web/src/lib/research-265-1791350160303091000.ts","bytes":"export const probe = 1;\n","action":"change","timeout":50,"allowed":true}
    research_265_test.go:49: {"ms":8159.595583,"kind":"change","file":"/private/var/folders/lt/09rsy64x65s_0fp2b8zq3n7m0000gn/T/skgo-devrender-4169928267/web/src/lib/research-265-1791350160303091000.ts","bytes":"export const probe = 1;\n"}
=== RUN   TestResearch265/restore_after_10ms#01
    research_265_test.go:48: options={"ignored":["**/.git/**","**/node_modules/**","**/test-results/**","/private/var/folders/lt/09rsy64x65s_0fp2b8zq3n7m0000gn/T/skgo-devrender-4169928267/web/node_modules/.vite/**","/private/var/folders/lt/09rsy64x65s_0fp2b8zq3n7m0000gn/T/skgo-devrender-4169928267/web/.svelte-kit/!(generated)","/private/var/folders/lt/09rsy64x65s_0fp2b8zq3n7m0000gn/T/skgo-devrender-4169928267/web/.svelte-kit/!(generated)/**","/private/var/folders/lt/09rsy64x65s_0fp2b8zq3n7m0000gn/T/skgo-devrender-4169928267/web/build","/private/var/folders/lt/09rsy64x65s_0fp2b8zq3n7m0000gn/T/skgo-devrender-4169928267/web/build/**","/private/var/folders/lt/09rsy64x65s_0fp2b8zq3n7m0000gn/T/skgo-devrender-4169928267/web/dist/**"],"ignoreInitial":true,"ignorePermissionErrors":true,"disableGlobbing":true,"persistent":true,"interval":100,"binaryInterval":300,"enableBinaryInterval":true,"useFsEvents":true,"atomic":false,"followSymlinks":true,"awaitWriteFinish":false} delivered_changes=2 intermediate_probe2=true final_probe1=true final_probe2=false disk_probe1=true
    research_265_test.go:49: {"ms":8377.246875,"kind":"write","file":"/private/var/folders/lt/09rsy64x65s_0fp2b8zq3n7m0000gn/T/skgo-devrender-4169928267/web/src/lib/research-265-1791350161759574000.ts","bytes":"export const probe = 1;\n"}
    research_265_test.go:49: {"ms":8463.846208,"kind":"add","file":"/private/var/folders/lt/09rsy64x65s_0fp2b8zq3n7m0000gn/T/skgo-devrender-4169928267/web/src/lib/research-265-1791350161759574000.ts","bytes":"export const probe = 1;\n"}
    research_265_test.go:49: {"ms":9599.544625,"kind":"write","file":"/private/var/folders/lt/09rsy64x65s_0fp2b8zq3n7m0000gn/T/skgo-devrender-4169928267/web/src/lib/research-265-1791350161759574000.ts","bytes":"export const probe = 2;\n"}
    research_265_test.go:49: {"ms":9625.73175,"kind":"throttle","file":"/private/var/folders/lt/09rsy64x65s_0fp2b8zq3n7m0000gn/T/skgo-devrender-4169928267/web/src/lib/research-265-1791350161759574000.ts","bytes":"export const probe = 2;\n","action":"change","timeout":50,"allowed":true}
    research_265_test.go:49: {"ms":9626.260541,"kind":"change","file":"/private/var/folders/lt/09rsy64x65s_0fp2b8zq3n7m0000gn/T/skgo-devrender-4169928267/web/src/lib/research-265-1791350161759574000.ts","bytes":"export const probe = 2;\n"}
    research_265_test.go:49: {"ms":9643.661291,"kind":"write","file":"/private/var/folders/lt/09rsy64x65s_0fp2b8zq3n7m0000gn/T/skgo-devrender-4169928267/web/src/lib/research-265-1791350161759574000.ts","bytes":"export const probe = 1;\n"}
    research_265_test.go:49: {"ms":9728.044541,"kind":"throttle","file":"/private/var/folders/lt/09rsy64x65s_0fp2b8zq3n7m0000gn/T/skgo-devrender-4169928267/web/src/lib/research-265-1791350161759574000.ts","bytes":"export const probe = 1;\n","action":"change","timeout":50,"allowed":true}
    research_265_test.go:49: {"ms":9728.384083,"kind":"change","file":"/private/var/folders/lt/09rsy64x65s_0fp2b8zq3n7m0000gn/T/skgo-devrender-4169928267/web/src/lib/research-265-1791350161759574000.ts","bytes":"export const probe = 1;\n"}
=== RUN   TestResearch265/restore_after_10ms#02
    research_265_test.go:48: options={"ignored":["**/.git/**","**/node_modules/**","**/test-results/**","/private/var/folders/lt/09rsy64x65s_0fp2b8zq3n7m0000gn/T/skgo-devrender-4169928267/web/node_modules/.vite/**","/private/var/folders/lt/09rsy64x65s_0fp2b8zq3n7m0000gn/T/skgo-devrender-4169928267/web/.svelte-kit/!(generated)","/private/var/folders/lt/09rsy64x65s_0fp2b8zq3n7m0000gn/T/skgo-devrender-4169928267/web/.svelte-kit/!(generated)/**","/private/var/folders/lt/09rsy64x65s_0fp2b8zq3n7m0000gn/T/skgo-devrender-4169928267/web/build","/private/var/folders/lt/09rsy64x65s_0fp2b8zq3n7m0000gn/T/skgo-devrender-4169928267/web/build/**","/private/var/folders/lt/09rsy64x65s_0fp2b8zq3n7m0000gn/T/skgo-devrender-4169928267/web/dist/**"],"ignoreInitial":true,"ignorePermissionErrors":true,"disableGlobbing":true,"persistent":true,"interval":100,"binaryInterval":300,"enableBinaryInterval":true,"useFsEvents":true,"atomic":false,"followSymlinks":true,"awaitWriteFinish":false} delivered_changes=2 intermediate_probe2=true final_probe1=true final_probe2=false disk_probe1=true
    research_265_test.go:49: {"ms":9948.571375,"kind":"write","file":"/private/var/folders/lt/09rsy64x65s_0fp2b8zq3n7m0000gn/T/skgo-devrender-4169928267/web/src/lib/research-265-1791350163330776000.ts","bytes":"export const probe = 1;\n"}
    research_265_test.go:49: {"ms":10030.702041,"kind":"add","file":"/private/var/folders/lt/09rsy64x65s_0fp2b8zq3n7m0000gn/T/skgo-devrender-4169928267/web/src/lib/research-265-1791350163330776000.ts","bytes":"export const probe = 1;\n"}
    research_265_test.go:49: {"ms":11170.929125,"kind":"write","file":"/private/var/folders/lt/09rsy64x65s_0fp2b8zq3n7m0000gn/T/skgo-devrender-4169928267/web/src/lib/research-265-1791350163330776000.ts","bytes":"export const probe = 2;\n"}
    research_265_test.go:49: {"ms":11174.948958,"kind":"throttle","file":"/private/var/folders/lt/09rsy64x65s_0fp2b8zq3n7m0000gn/T/skgo-devrender-4169928267/web/src/lib/research-265-1791350163330776000.ts","bytes":"export const probe = 2;\n","action":"change","timeout":50,"allowed":true}
    research_265_test.go:49: {"ms":11175.218458,"kind":"change","file":"/private/var/folders/lt/09rsy64x65s_0fp2b8zq3n7m0000gn/T/skgo-devrender-4169928267/web/src/lib/research-265-1791350163330776000.ts","bytes":"export const probe = 2;\n"}
    research_265_test.go:49: {"ms":11189.860833,"kind":"write","file":"/private/var/folders/lt/09rsy64x65s_0fp2b8zq3n7m0000gn/T/skgo-devrender-4169928267/web/src/lib/research-265-1791350163330776000.ts","bytes":"export const probe = 1;\n"}
    research_265_test.go:49: {"ms":11275.766708,"kind":"throttle","file":"/private/var/folders/lt/09rsy64x65s_0fp2b8zq3n7m0000gn/T/skgo-devrender-4169928267/web/src/lib/research-265-1791350163330776000.ts","bytes":"export const probe = 1;\n","action":"change","timeout":50,"allowed":true}
    research_265_test.go:49: {"ms":11276.076625,"kind":"change","file":"/private/var/folders/lt/09rsy64x65s_0fp2b8zq3n7m0000gn/T/skgo-devrender-4169928267/web/src/lib/research-265-1791350163330776000.ts","bytes":"export const probe = 1;\n"}
=== RUN   TestResearch265/restore_after_150ms
    research_265_test.go:48: options={"ignored":["**/.git/**","**/node_modules/**","**/test-results/**","/private/var/folders/lt/09rsy64x65s_0fp2b8zq3n7m0000gn/T/skgo-devrender-4169928267/web/node_modules/.vite/**","/private/var/folders/lt/09rsy64x65s_0fp2b8zq3n7m0000gn/T/skgo-devrender-4169928267/web/.svelte-kit/!(generated)","/private/var/folders/lt/09rsy64x65s_0fp2b8zq3n7m0000gn/T/skgo-devrender-4169928267/web/.svelte-kit/!(generated)/**","/private/var/folders/lt/09rsy64x65s_0fp2b8zq3n7m0000gn/T/skgo-devrender-4169928267/web/build","/private/var/folders/lt/09rsy64x65s_0fp2b8zq3n7m0000gn/T/skgo-devrender-4169928267/web/build/**","/private/var/folders/lt/09rsy64x65s_0fp2b8zq3n7m0000gn/T/skgo-devrender-4169928267/web/dist/**"],"ignoreInitial":true,"ignorePermissionErrors":true,"disableGlobbing":true,"persistent":true,"interval":100,"binaryInterval":300,"enableBinaryInterval":true,"useFsEvents":true,"atomic":false,"followSymlinks":true,"awaitWriteFinish":false} delivered_changes=2 intermediate_probe2=true final_probe1=true final_probe2=false disk_probe1=true
    research_265_test.go:49: {"ms":11495.75825,"kind":"write","file":"/private/var/folders/lt/09rsy64x65s_0fp2b8zq3n7m0000gn/T/skgo-devrender-4169928267/web/src/lib/research-265-1791350164878105000.ts","bytes":"export const probe = 1;\n"}
    research_265_test.go:49: {"ms":11590.115625,"kind":"add","file":"/private/var/folders/lt/09rsy64x65s_0fp2b8zq3n7m0000gn/T/skgo-devrender-4169928267/web/src/lib/research-265-1791350164878105000.ts","bytes":"export const probe = 1;\n"}
    research_265_test.go:49: {"ms":12738.666916,"kind":"write","file":"/private/var/folders/lt/09rsy64x65s_0fp2b8zq3n7m0000gn/T/skgo-devrender-4169928267/web/src/lib/research-265-1791350164878105000.ts","bytes":"export const probe = 2;\n"}
    research_265_test.go:49: {"ms":12741.53375,"kind":"throttle","file":"/private/var/folders/lt/09rsy64x65s_0fp2b8zq3n7m0000gn/T/skgo-devrender-4169928267/web/src/lib/research-265-1791350164878105000.ts","bytes":"export const probe = 2;\n","action":"change","timeout":50,"allowed":true}
    research_265_test.go:49: {"ms":12749.855708,"kind":"change","file":"/private/var/folders/lt/09rsy64x65s_0fp2b8zq3n7m0000gn/T/skgo-devrender-4169928267/web/src/lib/research-265-1791350164878105000.ts","bytes":"export const probe = 2;\n"}
    research_265_test.go:49: {"ms":12839.014458,"kind":"throttle","file":"/private/var/folders/lt/09rsy64x65s_0fp2b8zq3n7m0000gn/T/skgo-devrender-4169928267/web/src/lib/research-265-1791350164878105000.ts","bytes":"export const probe = 2;\n","action":"change","timeout":50,"allowed":true}
    research_265_test.go:49: {"ms":12907.953,"kind":"write","file":"/private/var/folders/lt/09rsy64x65s_0fp2b8zq3n7m0000gn/T/skgo-devrender-4169928267/web/src/lib/research-265-1791350164878105000.ts","bytes":"export const probe = 1;\n"}
    research_265_test.go:49: {"ms":12939.293416,"kind":"throttle","file":"/private/var/folders/lt/09rsy64x65s_0fp2b8zq3n7m0000gn/T/skgo-devrender-4169928267/web/src/lib/research-265-1791350164878105000.ts","bytes":"export const probe = 1;\n","action":"change","timeout":50,"allowed":true}
    research_265_test.go:49: {"ms":12939.626791,"kind":"change","file":"/private/var/folders/lt/09rsy64x65s_0fp2b8zq3n7m0000gn/T/skgo-devrender-4169928267/web/src/lib/research-265-1791350164878105000.ts","bytes":"export const probe = 1;\n"}
--- PASS: TestResearch265 (6.29s)
    --- PASS: TestResearch265/restore_after_10ms (1.46s)
    --- PASS: TestResearch265/restore_after_10ms#01 (1.57s)
    --- PASS: TestResearch265/restore_after_10ms#02 (1.55s)
    --- PASS: TestResearch265/restore_after_150ms (1.72s)
PASS
ok  	github.com/tylergannon/skgo/example/devrender	15.873s
