=== RUN   TestResearch265
=== RUN   TestResearch265/restore_after_10ms
    research_265_test.go:48: options={"ignored":["**/.git/**","**/node_modules/**","**/test-results/**","/private/var/folders/lt/09rsy64x65s_0fp2b8zq3n7m0000gn/T/skgo-devrender-1960528471/web/node_modules/.vite/**","/private/var/folders/lt/09rsy64x65s_0fp2b8zq3n7m0000gn/T/skgo-devrender-1960528471/web/.svelte-kit/!(generated)","/private/var/folders/lt/09rsy64x65s_0fp2b8zq3n7m0000gn/T/skgo-devrender-1960528471/web/.svelte-kit/!(generated)/**","/private/var/folders/lt/09rsy64x65s_0fp2b8zq3n7m0000gn/T/skgo-devrender-1960528471/web/build","/private/var/folders/lt/09rsy64x65s_0fp2b8zq3n7m0000gn/T/skgo-devrender-1960528471/web/build/**","/private/var/folders/lt/09rsy64x65s_0fp2b8zq3n7m0000gn/T/skgo-devrender-1960528471/web/dist/**"],"ignoreInitial":true,"ignorePermissionErrors":true,"disableGlobbing":true,"useFsEvents":false,"usePolling":false,"persistent":true,"interval":100,"binaryInterval":300,"enableBinaryInterval":true,"atomic":true,"followSymlinks":true,"awaitWriteFinish":false} delivered_changes=1 intermediate_probe2=true final_probe1=false final_probe2=true disk_probe1=true
    research_265_test.go:49: {"ms":8417.405041,"kind":"write","file":"/private/var/folders/lt/09rsy64x65s_0fp2b8zq3n7m0000gn/T/skgo-devrender-1960528471/web/src/lib/research-265-1791350214658736000.ts","bytes":"export const probe = 1;\n"}
    research_265_test.go:49: {"ms":8523.462458,"kind":"throttle","file":"/private/var/folders/lt/09rsy64x65s_0fp2b8zq3n7m0000gn/T/skgo-devrender-1960528471/web/src/lib/research-265-1791350214658736000.ts","bytes":"export const probe = 1;\n","action":"add","timeout":0,"allowed":true}
    research_265_test.go:49: {"ms":8526.483916,"kind":"add","file":"/private/var/folders/lt/09rsy64x65s_0fp2b8zq3n7m0000gn/T/skgo-devrender-1960528471/web/src/lib/research-265-1791350214658736000.ts","bytes":"export const probe = 1;\n"}
    research_265_test.go:49: {"ms":9547.165875,"kind":"write","file":"/private/var/folders/lt/09rsy64x65s_0fp2b8zq3n7m0000gn/T/skgo-devrender-1960528471/web/src/lib/research-265-1791350214658736000.ts","bytes":"export const probe = 2;\n"}
    research_265_test.go:49: {"ms":9547.442666,"kind":"throttle","file":"/private/var/folders/lt/09rsy64x65s_0fp2b8zq3n7m0000gn/T/skgo-devrender-1960528471/web/src/lib/research-265-1791350214658736000.ts","bytes":"export const probe = 2;\n","action":"watch","timeout":5,"allowed":true}
    research_265_test.go:49: {"ms":9547.905375,"kind":"throttle","file":"/private/var/folders/lt/09rsy64x65s_0fp2b8zq3n7m0000gn/T/skgo-devrender-1960528471/web/src/lib/research-265-1791350214658736000.ts","bytes":"export const probe = 2;\n","action":"change","timeout":50,"allowed":true}
    research_265_test.go:49: {"ms":9548.345666,"kind":"change","file":"/private/var/folders/lt/09rsy64x65s_0fp2b8zq3n7m0000gn/T/skgo-devrender-1960528471/web/src/lib/research-265-1791350214658736000.ts","bytes":"export const probe = 2;\n"}
    research_265_test.go:49: {"ms":9550.8105,"kind":"throttle","file":"/private/var/folders/lt/09rsy64x65s_0fp2b8zq3n7m0000gn/T/skgo-devrender-1960528471/web/src/lib/research-265-1791350214658736000.ts","bytes":"export const probe = 2;\n","action":"watch","timeout":5,"allowed":false}
    research_265_test.go:49: {"ms":9562.830083,"kind":"write","file":"/private/var/folders/lt/09rsy64x65s_0fp2b8zq3n7m0000gn/T/skgo-devrender-1960528471/web/src/lib/research-265-1791350214658736000.ts","bytes":"export const probe = 1;\n"}
    research_265_test.go:49: {"ms":9563.129166,"kind":"throttle","file":"/private/var/folders/lt/09rsy64x65s_0fp2b8zq3n7m0000gn/T/skgo-devrender-1960528471/web/src/lib/research-265-1791350214658736000.ts","bytes":"export const probe = 1;\n","action":"watch","timeout":5,"allowed":true}
    research_265_test.go:49: {"ms":9563.229833,"kind":"throttle","file":"/private/var/folders/lt/09rsy64x65s_0fp2b8zq3n7m0000gn/T/skgo-devrender-1960528471/web/src/lib/research-265-1791350214658736000.ts","bytes":"export const probe = 1;\n","action":"change","timeout":50,"allowed":false}
    research_265_test.go:49: {"ms":9600.646083,"kind":"throttle","file":"/private/var/folders/lt/09rsy64x65s_0fp2b8zq3n7m0000gn/T/skgo-devrender-1960528471/web/src/lib/research-265-1791350214658736000.ts","bytes":"export const probe = 1;\n","action":"watch","timeout":5,"allowed":true}
=== RUN   TestResearch265/restore_after_10ms#01
    research_265_test.go:48: options={"ignored":["**/.git/**","**/node_modules/**","**/test-results/**","/private/var/folders/lt/09rsy64x65s_0fp2b8zq3n7m0000gn/T/skgo-devrender-1960528471/web/node_modules/.vite/**","/private/var/folders/lt/09rsy64x65s_0fp2b8zq3n7m0000gn/T/skgo-devrender-1960528471/web/.svelte-kit/!(generated)","/private/var/folders/lt/09rsy64x65s_0fp2b8zq3n7m0000gn/T/skgo-devrender-1960528471/web/.svelte-kit/!(generated)/**","/private/var/folders/lt/09rsy64x65s_0fp2b8zq3n7m0000gn/T/skgo-devrender-1960528471/web/build","/private/var/folders/lt/09rsy64x65s_0fp2b8zq3n7m0000gn/T/skgo-devrender-1960528471/web/build/**","/private/var/folders/lt/09rsy64x65s_0fp2b8zq3n7m0000gn/T/skgo-devrender-1960528471/web/dist/**"],"ignoreInitial":true,"ignorePermissionErrors":true,"disableGlobbing":true,"useFsEvents":false,"usePolling":false,"persistent":true,"interval":100,"binaryInterval":300,"enableBinaryInterval":true,"atomic":true,"followSymlinks":true,"awaitWriteFinish":false} delivered_changes=1 intermediate_probe2=true final_probe1=false final_probe2=true disk_probe1=true
    research_265_test.go:49: {"ms":9871.603666,"kind":"write","file":"/private/var/folders/lt/09rsy64x65s_0fp2b8zq3n7m0000gn/T/skgo-devrender-1960528471/web/src/lib/research-265-1791350216112071000.ts","bytes":"export const probe = 1;\n"}
    research_265_test.go:49: {"ms":9881.618875,"kind":"throttle","file":"/private/var/folders/lt/09rsy64x65s_0fp2b8zq3n7m0000gn/T/skgo-devrender-1960528471/web/src/lib/research-265-1791350216112071000.ts","bytes":"export const probe = 1;\n","action":"add","timeout":0,"allowed":true}
    research_265_test.go:49: {"ms":9881.894125,"kind":"add","file":"/private/var/folders/lt/09rsy64x65s_0fp2b8zq3n7m0000gn/T/skgo-devrender-1960528471/web/src/lib/research-265-1791350216112071000.ts","bytes":"export const probe = 1;\n"}
    research_265_test.go:49: {"ms":11086.193583,"kind":"write","file":"/private/var/folders/lt/09rsy64x65s_0fp2b8zq3n7m0000gn/T/skgo-devrender-1960528471/web/src/lib/research-265-1791350216112071000.ts","bytes":"export const probe = 2;\n"}
    research_265_test.go:49: {"ms":11086.514166,"kind":"throttle","file":"/private/var/folders/lt/09rsy64x65s_0fp2b8zq3n7m0000gn/T/skgo-devrender-1960528471/web/src/lib/research-265-1791350216112071000.ts","bytes":"export const probe = 2;\n","action":"watch","timeout":5,"allowed":true}
    research_265_test.go:49: {"ms":11087.90725,"kind":"throttle","file":"/private/var/folders/lt/09rsy64x65s_0fp2b8zq3n7m0000gn/T/skgo-devrender-1960528471/web/src/lib/research-265-1791350216112071000.ts","bytes":"export const probe = 2;\n","action":"change","timeout":50,"allowed":true}
    research_265_test.go:49: {"ms":11088.591208,"kind":"change","file":"/private/var/folders/lt/09rsy64x65s_0fp2b8zq3n7m0000gn/T/skgo-devrender-1960528471/web/src/lib/research-265-1791350216112071000.ts","bytes":"export const probe = 2;\n"}
    research_265_test.go:49: {"ms":11088.795791,"kind":"throttle","file":"/private/var/folders/lt/09rsy64x65s_0fp2b8zq3n7m0000gn/T/skgo-devrender-1960528471/web/src/lib/research-265-1791350216112071000.ts","bytes":"export const probe = 2;\n","action":"watch","timeout":5,"allowed":false}
    research_265_test.go:49: {"ms":11110.442458,"kind":"write","file":"/private/var/folders/lt/09rsy64x65s_0fp2b8zq3n7m0000gn/T/skgo-devrender-1960528471/web/src/lib/research-265-1791350216112071000.ts","bytes":"export const probe = 1;\n"}
    research_265_test.go:49: {"ms":11111.324208,"kind":"throttle","file":"/private/var/folders/lt/09rsy64x65s_0fp2b8zq3n7m0000gn/T/skgo-devrender-1960528471/web/src/lib/research-265-1791350216112071000.ts","bytes":"export const probe = 1;\n","action":"watch","timeout":5,"allowed":true}
    research_265_test.go:49: {"ms":11111.499,"kind":"throttle","file":"/private/var/folders/lt/09rsy64x65s_0fp2b8zq3n7m0000gn/T/skgo-devrender-1960528471/web/src/lib/research-265-1791350216112071000.ts","bytes":"export const probe = 1;\n","action":"change","timeout":50,"allowed":false}
    research_265_test.go:49: {"ms":11138.690375,"kind":"throttle","file":"/private/var/folders/lt/09rsy64x65s_0fp2b8zq3n7m0000gn/T/skgo-devrender-1960528471/web/src/lib/research-265-1791350216112071000.ts","bytes":"export const probe = 1;\n","action":"watch","timeout":5,"allowed":true}
=== RUN   TestResearch265/restore_after_10ms#02
    research_265_test.go:48: options={"ignored":["**/.git/**","**/node_modules/**","**/test-results/**","/private/var/folders/lt/09rsy64x65s_0fp2b8zq3n7m0000gn/T/skgo-devrender-1960528471/web/node_modules/.vite/**","/private/var/folders/lt/09rsy64x65s_0fp2b8zq3n7m0000gn/T/skgo-devrender-1960528471/web/.svelte-kit/!(generated)","/private/var/folders/lt/09rsy64x65s_0fp2b8zq3n7m0000gn/T/skgo-devrender-1960528471/web/.svelte-kit/!(generated)/**","/private/var/folders/lt/09rsy64x65s_0fp2b8zq3n7m0000gn/T/skgo-devrender-1960528471/web/build","/private/var/folders/lt/09rsy64x65s_0fp2b8zq3n7m0000gn/T/skgo-devrender-1960528471/web/build/**","/private/var/folders/lt/09rsy64x65s_0fp2b8zq3n7m0000gn/T/skgo-devrender-1960528471/web/dist/**"],"ignoreInitial":true,"ignorePermissionErrors":true,"disableGlobbing":true,"useFsEvents":false,"usePolling":false,"persistent":true,"interval":100,"binaryInterval":300,"enableBinaryInterval":true,"atomic":true,"followSymlinks":true,"awaitWriteFinish":false} delivered_changes=1 intermediate_probe2=true final_probe1=false final_probe2=true disk_probe1=true
    research_265_test.go:49: {"ms":11416.036958,"kind":"write","file":"/private/var/folders/lt/09rsy64x65s_0fp2b8zq3n7m0000gn/T/skgo-devrender-1960528471/web/src/lib/research-265-1791350217657458000.ts","bytes":"export const probe = 1;\n"}
    research_265_test.go:49: {"ms":11417.443833,"kind":"throttle","file":"/private/var/folders/lt/09rsy64x65s_0fp2b8zq3n7m0000gn/T/skgo-devrender-1960528471/web/src/lib/research-265-1791350217657458000.ts","bytes":"export const probe = 1;\n","action":"add","timeout":0,"allowed":true}
    research_265_test.go:49: {"ms":11417.642166,"kind":"add","file":"/private/var/folders/lt/09rsy64x65s_0fp2b8zq3n7m0000gn/T/skgo-devrender-1960528471/web/src/lib/research-265-1791350217657458000.ts","bytes":"export const probe = 1;\n"}
    research_265_test.go:49: {"ms":12431.606958,"kind":"write","file":"/private/var/folders/lt/09rsy64x65s_0fp2b8zq3n7m0000gn/T/skgo-devrender-1960528471/web/src/lib/research-265-1791350217657458000.ts","bytes":"export const probe = 2;\n"}
    research_265_test.go:49: {"ms":12431.874375,"kind":"throttle","file":"/private/var/folders/lt/09rsy64x65s_0fp2b8zq3n7m0000gn/T/skgo-devrender-1960528471/web/src/lib/research-265-1791350217657458000.ts","bytes":"export const probe = 2;\n","action":"watch","timeout":5,"allowed":true}
    research_265_test.go:49: {"ms":12432.261625,"kind":"throttle","file":"/private/var/folders/lt/09rsy64x65s_0fp2b8zq3n7m0000gn/T/skgo-devrender-1960528471/web/src/lib/research-265-1791350217657458000.ts","bytes":"export const probe = 2;\n","action":"change","timeout":50,"allowed":true}
    research_265_test.go:49: {"ms":12432.505666,"kind":"change","file":"/private/var/folders/lt/09rsy64x65s_0fp2b8zq3n7m0000gn/T/skgo-devrender-1960528471/web/src/lib/research-265-1791350217657458000.ts","bytes":"export const probe = 2;\n"}
    research_265_test.go:49: {"ms":12433.1475,"kind":"throttle","file":"/private/var/folders/lt/09rsy64x65s_0fp2b8zq3n7m0000gn/T/skgo-devrender-1960528471/web/src/lib/research-265-1791350217657458000.ts","bytes":"export const probe = 2;\n","action":"watch","timeout":5,"allowed":false}
    research_265_test.go:49: {"ms":12446.6495,"kind":"write","file":"/private/var/folders/lt/09rsy64x65s_0fp2b8zq3n7m0000gn/T/skgo-devrender-1960528471/web/src/lib/research-265-1791350217657458000.ts","bytes":"export const probe = 1;\n"}
    research_265_test.go:49: {"ms":12446.927375,"kind":"throttle","file":"/private/var/folders/lt/09rsy64x65s_0fp2b8zq3n7m0000gn/T/skgo-devrender-1960528471/web/src/lib/research-265-1791350217657458000.ts","bytes":"export const probe = 1;\n","action":"watch","timeout":5,"allowed":true}
    research_265_test.go:49: {"ms":12447.071,"kind":"throttle","file":"/private/var/folders/lt/09rsy64x65s_0fp2b8zq3n7m0000gn/T/skgo-devrender-1960528471/web/src/lib/research-265-1791350217657458000.ts","bytes":"export const probe = 1;\n","action":"change","timeout":50,"allowed":false}
    research_265_test.go:49: {"ms":12488.142458,"kind":"throttle","file":"/private/var/folders/lt/09rsy64x65s_0fp2b8zq3n7m0000gn/T/skgo-devrender-1960528471/web/src/lib/research-265-1791350217657458000.ts","bytes":"export const probe = 1;\n","action":"watch","timeout":5,"allowed":true}
=== RUN   TestResearch265/restore_after_150ms
    research_265_test.go:48: options={"ignored":["**/.git/**","**/node_modules/**","**/test-results/**","/private/var/folders/lt/09rsy64x65s_0fp2b8zq3n7m0000gn/T/skgo-devrender-1960528471/web/node_modules/.vite/**","/private/var/folders/lt/09rsy64x65s_0fp2b8zq3n7m0000gn/T/skgo-devrender-1960528471/web/.svelte-kit/!(generated)","/private/var/folders/lt/09rsy64x65s_0fp2b8zq3n7m0000gn/T/skgo-devrender-1960528471/web/.svelte-kit/!(generated)/**","/private/var/folders/lt/09rsy64x65s_0fp2b8zq3n7m0000gn/T/skgo-devrender-1960528471/web/build","/private/var/folders/lt/09rsy64x65s_0fp2b8zq3n7m0000gn/T/skgo-devrender-1960528471/web/build/**","/private/var/folders/lt/09rsy64x65s_0fp2b8zq3n7m0000gn/T/skgo-devrender-1960528471/web/dist/**"],"ignoreInitial":true,"ignorePermissionErrors":true,"disableGlobbing":true,"useFsEvents":false,"usePolling":false,"persistent":true,"interval":100,"binaryInterval":300,"enableBinaryInterval":true,"atomic":true,"followSymlinks":true,"awaitWriteFinish":false} delivered_changes=2 intermediate_probe2=true final_probe1=true final_probe2=false disk_probe1=true
    research_265_test.go:49: {"ms":12749.507,"kind":"write","file":"/private/var/folders/lt/09rsy64x65s_0fp2b8zq3n7m0000gn/T/skgo-devrender-1960528471/web/src/lib/research-265-1791350218991005000.ts","bytes":"export const probe = 1;\n"}
    research_265_test.go:49: {"ms":12761.067041,"kind":"throttle","file":"/private/var/folders/lt/09rsy64x65s_0fp2b8zq3n7m0000gn/T/skgo-devrender-1960528471/web/src/lib/research-265-1791350218991005000.ts","bytes":"export const probe = 1;\n","action":"add","timeout":0,"allowed":true}
    research_265_test.go:49: {"ms":12761.364333,"kind":"add","file":"/private/var/folders/lt/09rsy64x65s_0fp2b8zq3n7m0000gn/T/skgo-devrender-1960528471/web/src/lib/research-265-1791350218991005000.ts","bytes":"export const probe = 1;\n"}
    research_265_test.go:49: {"ms":13960.542958,"kind":"write","file":"/private/var/folders/lt/09rsy64x65s_0fp2b8zq3n7m0000gn/T/skgo-devrender-1960528471/web/src/lib/research-265-1791350218991005000.ts","bytes":"export const probe = 2;\n"}
    research_265_test.go:49: {"ms":13960.719791,"kind":"throttle","file":"/private/var/folders/lt/09rsy64x65s_0fp2b8zq3n7m0000gn/T/skgo-devrender-1960528471/web/src/lib/research-265-1791350218991005000.ts","bytes":"export const probe = 2;\n","action":"watch","timeout":5,"allowed":true}
    research_265_test.go:49: {"ms":13960.948333,"kind":"throttle","file":"/private/var/folders/lt/09rsy64x65s_0fp2b8zq3n7m0000gn/T/skgo-devrender-1960528471/web/src/lib/research-265-1791350218991005000.ts","bytes":"export const probe = 2;\n","action":"change","timeout":50,"allowed":true}
    research_265_test.go:49: {"ms":13961.149125,"kind":"change","file":"/private/var/folders/lt/09rsy64x65s_0fp2b8zq3n7m0000gn/T/skgo-devrender-1960528471/web/src/lib/research-265-1791350218991005000.ts","bytes":"export const probe = 2;\n"}
    research_265_test.go:49: {"ms":13971.103333,"kind":"throttle","file":"/private/var/folders/lt/09rsy64x65s_0fp2b8zq3n7m0000gn/T/skgo-devrender-1960528471/web/src/lib/research-265-1791350218991005000.ts","bytes":"export const probe = 2;\n","action":"watch","timeout":5,"allowed":true}
    research_265_test.go:49: {"ms":14114.882916,"kind":"write","file":"/private/var/folders/lt/09rsy64x65s_0fp2b8zq3n7m0000gn/T/skgo-devrender-1960528471/web/src/lib/research-265-1791350218991005000.ts","bytes":"export const probe = 1;\n"}
    research_265_test.go:49: {"ms":14115.043958,"kind":"throttle","file":"/private/var/folders/lt/09rsy64x65s_0fp2b8zq3n7m0000gn/T/skgo-devrender-1960528471/web/src/lib/research-265-1791350218991005000.ts","bytes":"export const probe = 1;\n","action":"watch","timeout":5,"allowed":true}
    research_265_test.go:49: {"ms":14115.135583,"kind":"throttle","file":"/private/var/folders/lt/09rsy64x65s_0fp2b8zq3n7m0000gn/T/skgo-devrender-1960528471/web/src/lib/research-265-1791350218991005000.ts","bytes":"export const probe = 1;\n","action":"change","timeout":50,"allowed":true}
    research_265_test.go:49: {"ms":14115.29,"kind":"change","file":"/private/var/folders/lt/09rsy64x65s_0fp2b8zq3n7m0000gn/T/skgo-devrender-1960528471/web/src/lib/research-265-1791350218991005000.ts","bytes":"export const probe = 1;\n"}
    research_265_test.go:49: {"ms":14125.980666,"kind":"throttle","file":"/private/var/folders/lt/09rsy64x65s_0fp2b8zq3n7m0000gn/T/skgo-devrender-1960528471/web/src/lib/research-265-1791350218991005000.ts","bytes":"export const probe = 1;\n","action":"watch","timeout":5,"allowed":true}
--- PASS: TestResearch265 (6.00s)
    --- PASS: TestResearch265/restore_after_10ms (1.45s)
    --- PASS: TestResearch265/restore_after_10ms#01 (1.55s)
    --- PASS: TestResearch265/restore_after_10ms#02 (1.33s)
    --- PASS: TestResearch265/restore_after_150ms (1.67s)
PASS
ok  	github.com/tylergannon/skgo/example/devrender	16.315s
