=== RUN   TestAFileTouchedWithoutBeingChangedIsNotAnEdit
--- PASS: TestAFileTouchedWithoutBeingChangedIsNotAnEdit (3.34s)
=== RUN   TestResearch265
=== RUN   TestResearch265/restore_after_10ms
    research_265_test.go:48: options={"ignored":["**/.git/**","**/node_modules/**","**/test-results/**","/private/var/folders/lt/09rsy64x65s_0fp2b8zq3n7m0000gn/T/skgo-devrender-3510821981/web/node_modules/.vite/**","/private/var/folders/lt/09rsy64x65s_0fp2b8zq3n7m0000gn/T/skgo-devrender-3510821981/web/.svelte-kit/!(generated)","/private/var/folders/lt/09rsy64x65s_0fp2b8zq3n7m0000gn/T/skgo-devrender-3510821981/web/.svelte-kit/!(generated)/**","/private/var/folders/lt/09rsy64x65s_0fp2b8zq3n7m0000gn/T/skgo-devrender-3510821981/web/build","/private/var/folders/lt/09rsy64x65s_0fp2b8zq3n7m0000gn/T/skgo-devrender-3510821981/web/build/**","/private/var/folders/lt/09rsy64x65s_0fp2b8zq3n7m0000gn/T/skgo-devrender-3510821981/web/dist/**"],"ignoreInitial":true,"ignorePermissionErrors":true,"disableGlobbing":true,"useFsEvents":false,"usePolling":false,"awaitWriteFinish":{"stabilityThreshold":50,"pollInterval":10},"persistent":true,"interval":100,"binaryInterval":300,"enableBinaryInterval":true,"atomic":true,"followSymlinks":true} delivered_changes=2 intermediate_probe2=true final_probe1=true final_probe2=false disk_probe1=true
    research_265_test.go:49: {"ms":6892.045584,"kind":"write","file":"/private/var/folders/lt/09rsy64x65s_0fp2b8zq3n7m0000gn/T/skgo-devrender-3510821981/web/src/lib/research-265-1791350239958275000.ts","bytes":"export const probe = 1;\n"}
    research_265_test.go:49: {"ms":6902.485542,"kind":"throttle","file":"/private/var/folders/lt/09rsy64x65s_0fp2b8zq3n7m0000gn/T/skgo-devrender-3510821981/web/src/lib/research-265-1791350239958275000.ts","bytes":"export const probe = 1;\n","action":"add","timeout":0,"allowed":true}
    research_265_test.go:49: {"ms":6955.865459,"kind":"add","file":"/private/var/folders/lt/09rsy64x65s_0fp2b8zq3n7m0000gn/T/skgo-devrender-3510821981/web/src/lib/research-265-1791350239958275000.ts","bytes":"export const probe = 1;\n"}
    research_265_test.go:49: {"ms":8104.687292,"kind":"write","file":"/private/var/folders/lt/09rsy64x65s_0fp2b8zq3n7m0000gn/T/skgo-devrender-3510821981/web/src/lib/research-265-1791350239958275000.ts","bytes":"export const probe = 2;\n"}
    research_265_test.go:49: {"ms":8104.819167,"kind":"throttle","file":"/private/var/folders/lt/09rsy64x65s_0fp2b8zq3n7m0000gn/T/skgo-devrender-3510821981/web/src/lib/research-265-1791350239958275000.ts","bytes":"export const probe = 2;\n","action":"watch","timeout":5,"allowed":true}
    research_265_test.go:49: {"ms":8115.244792,"kind":"throttle","file":"/private/var/folders/lt/09rsy64x65s_0fp2b8zq3n7m0000gn/T/skgo-devrender-3510821981/web/src/lib/research-265-1791350239958275000.ts","bytes":"export const probe = 2;\n","action":"watch","timeout":5,"allowed":true}
    research_265_test.go:49: {"ms":8157.712667,"kind":"change","file":"/private/var/folders/lt/09rsy64x65s_0fp2b8zq3n7m0000gn/T/skgo-devrender-3510821981/web/src/lib/research-265-1791350239958275000.ts","bytes":"export const probe = 2;\n"}
    research_265_test.go:49: {"ms":8171.458542,"kind":"write","file":"/private/var/folders/lt/09rsy64x65s_0fp2b8zq3n7m0000gn/T/skgo-devrender-3510821981/web/src/lib/research-265-1791350239958275000.ts","bytes":"export const probe = 1;\n"}
    research_265_test.go:49: {"ms":8171.6395,"kind":"throttle","file":"/private/var/folders/lt/09rsy64x65s_0fp2b8zq3n7m0000gn/T/skgo-devrender-3510821981/web/src/lib/research-265-1791350239958275000.ts","bytes":"export const probe = 1;\n","action":"watch","timeout":5,"allowed":true}
    research_265_test.go:49: {"ms":8174.389959,"kind":"throttle","file":"/private/var/folders/lt/09rsy64x65s_0fp2b8zq3n7m0000gn/T/skgo-devrender-3510821981/web/src/lib/research-265-1791350239958275000.ts","bytes":"export const probe = 1;\n","action":"watch","timeout":5,"allowed":false}
    research_265_test.go:49: {"ms":8226.803334,"kind":"change","file":"/private/var/folders/lt/09rsy64x65s_0fp2b8zq3n7m0000gn/T/skgo-devrender-3510821981/web/src/lib/research-265-1791350239958275000.ts","bytes":"export const probe = 1;\n"}
=== RUN   TestResearch265/restore_after_10ms#01
    research_265_test.go:48: options={"ignored":["**/.git/**","**/node_modules/**","**/test-results/**","/private/var/folders/lt/09rsy64x65s_0fp2b8zq3n7m0000gn/T/skgo-devrender-3510821981/web/node_modules/.vite/**","/private/var/folders/lt/09rsy64x65s_0fp2b8zq3n7m0000gn/T/skgo-devrender-3510821981/web/.svelte-kit/!(generated)","/private/var/folders/lt/09rsy64x65s_0fp2b8zq3n7m0000gn/T/skgo-devrender-3510821981/web/.svelte-kit/!(generated)/**","/private/var/folders/lt/09rsy64x65s_0fp2b8zq3n7m0000gn/T/skgo-devrender-3510821981/web/build","/private/var/folders/lt/09rsy64x65s_0fp2b8zq3n7m0000gn/T/skgo-devrender-3510821981/web/build/**","/private/var/folders/lt/09rsy64x65s_0fp2b8zq3n7m0000gn/T/skgo-devrender-3510821981/web/dist/**"],"ignoreInitial":true,"ignorePermissionErrors":true,"disableGlobbing":true,"useFsEvents":false,"usePolling":false,"awaitWriteFinish":{"stabilityThreshold":50,"pollInterval":10},"persistent":true,"interval":100,"binaryInterval":300,"enableBinaryInterval":true,"atomic":true,"followSymlinks":true} delivered_changes=2 intermediate_probe2=true final_probe1=true final_probe2=false disk_probe1=true
    research_265_test.go:49: {"ms":8474.719667,"kind":"write","file":"/private/var/folders/lt/09rsy64x65s_0fp2b8zq3n7m0000gn/T/skgo-devrender-3510821981/web/src/lib/research-265-1791350241541436000.ts","bytes":"export const probe = 1;\n"}
    research_265_test.go:49: {"ms":8475.931084,"kind":"throttle","file":"/private/var/folders/lt/09rsy64x65s_0fp2b8zq3n7m0000gn/T/skgo-devrender-3510821981/web/src/lib/research-265-1791350241541436000.ts","bytes":"export const probe = 1;\n","action":"add","timeout":0,"allowed":true}
    research_265_test.go:49: {"ms":8530.674167,"kind":"add","file":"/private/var/folders/lt/09rsy64x65s_0fp2b8zq3n7m0000gn/T/skgo-devrender-3510821981/web/src/lib/research-265-1791350241541436000.ts","bytes":"export const probe = 1;\n"}
    research_265_test.go:49: {"ms":9686.976584,"kind":"write","file":"/private/var/folders/lt/09rsy64x65s_0fp2b8zq3n7m0000gn/T/skgo-devrender-3510821981/web/src/lib/research-265-1791350241541436000.ts","bytes":"export const probe = 2;\n"}
    research_265_test.go:49: {"ms":9687.161667,"kind":"throttle","file":"/private/var/folders/lt/09rsy64x65s_0fp2b8zq3n7m0000gn/T/skgo-devrender-3510821981/web/src/lib/research-265-1791350241541436000.ts","bytes":"export const probe = 2;\n","action":"watch","timeout":5,"allowed":true}
    research_265_test.go:49: {"ms":9698.018542,"kind":"throttle","file":"/private/var/folders/lt/09rsy64x65s_0fp2b8zq3n7m0000gn/T/skgo-devrender-3510821981/web/src/lib/research-265-1791350241541436000.ts","bytes":"export const probe = 2;\n","action":"watch","timeout":5,"allowed":true}
    research_265_test.go:49: {"ms":9738.699542,"kind":"change","file":"/private/var/folders/lt/09rsy64x65s_0fp2b8zq3n7m0000gn/T/skgo-devrender-3510821981/web/src/lib/research-265-1791350241541436000.ts","bytes":"export const probe = 2;\n"}
    research_265_test.go:49: {"ms":9751.85075,"kind":"write","file":"/private/var/folders/lt/09rsy64x65s_0fp2b8zq3n7m0000gn/T/skgo-devrender-3510821981/web/src/lib/research-265-1791350241541436000.ts","bytes":"export const probe = 1;\n"}
    research_265_test.go:49: {"ms":9752.01475,"kind":"throttle","file":"/private/var/folders/lt/09rsy64x65s_0fp2b8zq3n7m0000gn/T/skgo-devrender-3510821981/web/src/lib/research-265-1791350241541436000.ts","bytes":"export const probe = 1;\n","action":"watch","timeout":5,"allowed":true}
    research_265_test.go:49: {"ms":9762.39825,"kind":"throttle","file":"/private/var/folders/lt/09rsy64x65s_0fp2b8zq3n7m0000gn/T/skgo-devrender-3510821981/web/src/lib/research-265-1791350241541436000.ts","bytes":"export const probe = 1;\n","action":"watch","timeout":5,"allowed":true}
    research_265_test.go:49: {"ms":9804.719042,"kind":"change","file":"/private/var/folders/lt/09rsy64x65s_0fp2b8zq3n7m0000gn/T/skgo-devrender-3510821981/web/src/lib/research-265-1791350241541436000.ts","bytes":"export const probe = 1;\n"}
=== RUN   TestResearch265/restore_after_10ms#02
    research_265_test.go:48: options={"ignored":["**/.git/**","**/node_modules/**","**/test-results/**","/private/var/folders/lt/09rsy64x65s_0fp2b8zq3n7m0000gn/T/skgo-devrender-3510821981/web/node_modules/.vite/**","/private/var/folders/lt/09rsy64x65s_0fp2b8zq3n7m0000gn/T/skgo-devrender-3510821981/web/.svelte-kit/!(generated)","/private/var/folders/lt/09rsy64x65s_0fp2b8zq3n7m0000gn/T/skgo-devrender-3510821981/web/.svelte-kit/!(generated)/**","/private/var/folders/lt/09rsy64x65s_0fp2b8zq3n7m0000gn/T/skgo-devrender-3510821981/web/build","/private/var/folders/lt/09rsy64x65s_0fp2b8zq3n7m0000gn/T/skgo-devrender-3510821981/web/build/**","/private/var/folders/lt/09rsy64x65s_0fp2b8zq3n7m0000gn/T/skgo-devrender-3510821981/web/dist/**"],"ignoreInitial":true,"ignorePermissionErrors":true,"disableGlobbing":true,"useFsEvents":false,"usePolling":false,"awaitWriteFinish":{"stabilityThreshold":50,"pollInterval":10},"persistent":true,"interval":100,"binaryInterval":300,"enableBinaryInterval":true,"atomic":true,"followSymlinks":true} delivered_changes=2 intermediate_probe2=true final_probe1=true final_probe2=false disk_probe1=true
    research_265_test.go:49: {"ms":10055.126209,"kind":"write","file":"/private/var/folders/lt/09rsy64x65s_0fp2b8zq3n7m0000gn/T/skgo-devrender-3510821981/web/src/lib/research-265-1791350243121564000.ts","bytes":"export const probe = 1;\n"}
    research_265_test.go:49: {"ms":10056.098042,"kind":"throttle","file":"/private/var/folders/lt/09rsy64x65s_0fp2b8zq3n7m0000gn/T/skgo-devrender-3510821981/web/src/lib/research-265-1791350243121564000.ts","bytes":"export const probe = 1;\n","action":"add","timeout":0,"allowed":true}
    research_265_test.go:49: {"ms":10106.343584,"kind":"throttle","file":"/private/var/folders/lt/09rsy64x65s_0fp2b8zq3n7m0000gn/T/skgo-devrender-3510821981/web/src/lib/research-265-1791350243121564000.ts","bytes":"export const probe = 1;\n","action":"watch","timeout":5,"allowed":true}
    research_265_test.go:49: {"ms":10109.209209,"kind":"add","file":"/private/var/folders/lt/09rsy64x65s_0fp2b8zq3n7m0000gn/T/skgo-devrender-3510821981/web/src/lib/research-265-1791350243121564000.ts","bytes":"export const probe = 1;\n"}
    research_265_test.go:49: {"ms":11267.812417,"kind":"write","file":"/private/var/folders/lt/09rsy64x65s_0fp2b8zq3n7m0000gn/T/skgo-devrender-3510821981/web/src/lib/research-265-1791350243121564000.ts","bytes":"export const probe = 2;\n"}
    research_265_test.go:49: {"ms":11268.161,"kind":"throttle","file":"/private/var/folders/lt/09rsy64x65s_0fp2b8zq3n7m0000gn/T/skgo-devrender-3510821981/web/src/lib/research-265-1791350243121564000.ts","bytes":"export const probe = 2;\n","action":"watch","timeout":5,"allowed":true}
    research_265_test.go:49: {"ms":11270.114042,"kind":"throttle","file":"/private/var/folders/lt/09rsy64x65s_0fp2b8zq3n7m0000gn/T/skgo-devrender-3510821981/web/src/lib/research-265-1791350243121564000.ts","bytes":"export const probe = 2;\n","action":"watch","timeout":5,"allowed":false}
    research_265_test.go:49: {"ms":11328.136542,"kind":"change","file":"/private/var/folders/lt/09rsy64x65s_0fp2b8zq3n7m0000gn/T/skgo-devrender-3510821981/web/src/lib/research-265-1791350243121564000.ts","bytes":"export const probe = 2;\n"}
    research_265_test.go:49: {"ms":11345.024167,"kind":"write","file":"/private/var/folders/lt/09rsy64x65s_0fp2b8zq3n7m0000gn/T/skgo-devrender-3510821981/web/src/lib/research-265-1791350243121564000.ts","bytes":"export const probe = 1;\n"}
    research_265_test.go:49: {"ms":11345.232584,"kind":"throttle","file":"/private/var/folders/lt/09rsy64x65s_0fp2b8zq3n7m0000gn/T/skgo-devrender-3510821981/web/src/lib/research-265-1791350243121564000.ts","bytes":"export const probe = 1;\n","action":"watch","timeout":5,"allowed":true}
    research_265_test.go:49: {"ms":11345.405625,"kind":"throttle","file":"/private/var/folders/lt/09rsy64x65s_0fp2b8zq3n7m0000gn/T/skgo-devrender-3510821981/web/src/lib/research-265-1791350243121564000.ts","bytes":"export const probe = 1;\n","action":"watch","timeout":5,"allowed":false}
    research_265_test.go:49: {"ms":11401.0085,"kind":"change","file":"/private/var/folders/lt/09rsy64x65s_0fp2b8zq3n7m0000gn/T/skgo-devrender-3510821981/web/src/lib/research-265-1791350243121564000.ts","bytes":"export const probe = 1;\n"}
=== RUN   TestResearch265/restore_after_150ms
    research_265_test.go:48: options={"ignored":["**/.git/**","**/node_modules/**","**/test-results/**","/private/var/folders/lt/09rsy64x65s_0fp2b8zq3n7m0000gn/T/skgo-devrender-3510821981/web/node_modules/.vite/**","/private/var/folders/lt/09rsy64x65s_0fp2b8zq3n7m0000gn/T/skgo-devrender-3510821981/web/.svelte-kit/!(generated)","/private/var/folders/lt/09rsy64x65s_0fp2b8zq3n7m0000gn/T/skgo-devrender-3510821981/web/.svelte-kit/!(generated)/**","/private/var/folders/lt/09rsy64x65s_0fp2b8zq3n7m0000gn/T/skgo-devrender-3510821981/web/build","/private/var/folders/lt/09rsy64x65s_0fp2b8zq3n7m0000gn/T/skgo-devrender-3510821981/web/build/**","/private/var/folders/lt/09rsy64x65s_0fp2b8zq3n7m0000gn/T/skgo-devrender-3510821981/web/dist/**"],"ignoreInitial":true,"ignorePermissionErrors":true,"disableGlobbing":true,"useFsEvents":false,"usePolling":false,"awaitWriteFinish":{"stabilityThreshold":50,"pollInterval":10},"persistent":true,"interval":100,"binaryInterval":300,"enableBinaryInterval":true,"atomic":true,"followSymlinks":true} delivered_changes=2 intermediate_probe2=true final_probe1=true final_probe2=false disk_probe1=true
    research_265_test.go:49: {"ms":11659.301959,"kind":"write","file":"/private/var/folders/lt/09rsy64x65s_0fp2b8zq3n7m0000gn/T/skgo-devrender-3510821981/web/src/lib/research-265-1791350244724206000.ts","bytes":"export const probe = 1;\n"}
    research_265_test.go:49: {"ms":11672.149584,"kind":"throttle","file":"/private/var/folders/lt/09rsy64x65s_0fp2b8zq3n7m0000gn/T/skgo-devrender-3510821981/web/src/lib/research-265-1791350244724206000.ts","bytes":"export const probe = 1;\n","action":"add","timeout":0,"allowed":true}
    research_265_test.go:49: {"ms":11732.592292,"kind":"add","file":"/private/var/folders/lt/09rsy64x65s_0fp2b8zq3n7m0000gn/T/skgo-devrender-3510821981/web/src/lib/research-265-1791350244724206000.ts","bytes":"export const probe = 1;\n"}
    research_265_test.go:49: {"ms":12892.878209,"kind":"write","file":"/private/var/folders/lt/09rsy64x65s_0fp2b8zq3n7m0000gn/T/skgo-devrender-3510821981/web/src/lib/research-265-1791350244724206000.ts","bytes":"export const probe = 2;\n"}
    research_265_test.go:49: {"ms":12893.091875,"kind":"throttle","file":"/private/var/folders/lt/09rsy64x65s_0fp2b8zq3n7m0000gn/T/skgo-devrender-3510821981/web/src/lib/research-265-1791350244724206000.ts","bytes":"export const probe = 2;\n","action":"watch","timeout":5,"allowed":true}
    research_265_test.go:49: {"ms":12904.091209,"kind":"throttle","file":"/private/var/folders/lt/09rsy64x65s_0fp2b8zq3n7m0000gn/T/skgo-devrender-3510821981/web/src/lib/research-265-1791350244724206000.ts","bytes":"export const probe = 2;\n","action":"watch","timeout":5,"allowed":true}
    research_265_test.go:49: {"ms":12944.593,"kind":"change","file":"/private/var/folders/lt/09rsy64x65s_0fp2b8zq3n7m0000gn/T/skgo-devrender-3510821981/web/src/lib/research-265-1791350244724206000.ts","bytes":"export const probe = 2;\n"}
    research_265_test.go:49: {"ms":13100.725625,"kind":"write","file":"/private/var/folders/lt/09rsy64x65s_0fp2b8zq3n7m0000gn/T/skgo-devrender-3510821981/web/src/lib/research-265-1791350244724206000.ts","bytes":"export const probe = 1;\n"}
    research_265_test.go:49: {"ms":13100.936334,"kind":"throttle","file":"/private/var/folders/lt/09rsy64x65s_0fp2b8zq3n7m0000gn/T/skgo-devrender-3510821981/web/src/lib/research-265-1791350244724206000.ts","bytes":"export const probe = 1;\n","action":"watch","timeout":5,"allowed":true}
    research_265_test.go:49: {"ms":13101.097042,"kind":"throttle","file":"/private/var/folders/lt/09rsy64x65s_0fp2b8zq3n7m0000gn/T/skgo-devrender-3510821981/web/src/lib/research-265-1791350244724206000.ts","bytes":"export const probe = 1;\n","action":"watch","timeout":5,"allowed":false}
    research_265_test.go:49: {"ms":13160.955584,"kind":"change","file":"/private/var/folders/lt/09rsy64x65s_0fp2b8zq3n7m0000gn/T/skgo-devrender-3510821981/web/src/lib/research-265-1791350244724206000.ts","bytes":"export const probe = 1;\n"}
--- PASS: TestResearch265 (6.51s)
    --- PASS: TestResearch265/restore_after_10ms (1.58s)
    --- PASS: TestResearch265/restore_after_10ms#01 (1.58s)
    --- PASS: TestResearch265/restore_after_10ms#02 (1.60s)
    --- PASS: TestResearch265/restore_after_150ms (1.75s)
PASS
ok  	github.com/tylergannon/skgo/example/devrender	14.640s
