=== RUN   TestTypedLoadParamsRefreshBeforeStaleHandlerCompilation
=== PAUSE TestTypedLoadParamsRefreshBeforeStaleHandlerCompilation
=== CONT  TestTypedLoadParamsRefreshBeforeStaleHandlerCompilation
--- PASS: TestTypedLoadParamsRefreshBeforeStaleHandlerCompilation (16.42s)
PASS
ok  	github.com/tylergannon/skgo/internal/gen	16.762s
       18.86 real        18.50 user        14.96 sys
           305561600  maximum resident set size
                   0  average shared memory size
                   0  average unshared data size
                   0  average unshared stack size
             1207499  page reclaims
               19036  page faults
                   0  swaps
                   0  block input operations
                   0  block output operations
                   0  messages sent
                   0  messages received
                6191  signals received
               18897  voluntary context switches
              190563  involuntary context switches
          5151402835  instructions retired
          2803508863  cycles elapsed
            28590800  peak memory footprint
