$ bddgen && playwright test --workers=2

Running 174 tests using 2 workers

(node:44986) Warning: The 'NO_COLOR' env is ignored due to the 'FORCE_COLOR' env being set.
(Use `node --trace-warnings ...` to show where the warning was created)
(node:44987) Warning: The 'NO_COLOR' env is ignored due to the 'FORCE_COLOR' env being set.
(Use `node --trace-warnings ...` to show where the warning was created)
  ✓    2 [chromium] › .features-gen/features/actions-composition.feature.spec.js:17:5 › Go page actions compose with ordinary pages › The <choice> button selects its Go action with Kit enhancement › The save button selects its Go action with Kit enhancement (423ms)
  ✓    1 [chromium] › .features-gen/features/actions-composition.feature.spec.js:6:3 › Go page actions compose with ordinary pages › An action-only page saves Grace through its unnamed action with Kit enhancement (465ms)
  ✓    3 [chromium] › .features-gen/features/actions-composition.feature.spec.js:24:5 › Go page actions compose with ordinary pages › The <choice> button selects its Go action with Kit enhancement › The archive button selects its Go action with Kit enhancement (235ms)
  ✓    4 [chromium] › .features-gen/features/actions-composition.feature.spec.js:35:5 › Go page actions compose with ordinary pages › Editing <selected> changes only that profile with Kit enhancement › Editing ada changes only that profile with Kit enhancement (358ms)
  ✓    5 [chromium] › .features-gen/features/actions-composition.feature.spec.js:44:5 › Go page actions compose with ordinary pages › Editing <selected> changes only that profile with Kit enhancement › Editing grace changes only that profile with Kit enhancement (375ms)
  ✓    6 [chromium] › .features-gen/features/actions-cross-page.feature.spec.js:8:5 › A Go action can answer a form posted from another page › Cross-page <outcome> reaches its Go destination with <submission> › Cross-page success reaches its Go destination with Kit enhancement (341ms)
  ✓    7 [chromium] › .features-gen/features/actions-cross-page.feature.spec.js:16:5 › A Go action can answer a form posted from another page › Cross-page <outcome> reaches its Go destination with <submission> › Cross-page success reaches its Go destination with native form (335ms)
  ✓    8 [chromium] › .features-gen/features/actions-cross-page.feature.spec.js:24:5 › A Go action can answer a form posted from another page › Cross-page <outcome> reaches its Go destination with <submission> › Cross-page validation reaches its Go destination with Kit enhancement (310ms)
  ✓    9 [chromium] › .features-gen/features/actions-cross-page.feature.spec.js:32:5 › A Go action can answer a form posted from another page › Cross-page <outcome> reaches its Go destination with <submission> › Cross-page validation reaches its Go destination with native form (321ms)
  ✓   10 [chromium] › .features-gen/features/actions-cross-page.feature.spec.js:40:5 › A Go action can answer a form posted from another page › Cross-page <outcome> reaches its Go destination with <submission> › Cross-page redirect reaches its Go destination with Kit enhancement (293ms)
  ✓   11 [chromium] › .features-gen/features/actions-cross-page.feature.spec.js:48:5 › A Go action can answer a form posted from another page › Cross-page <outcome> reaches its Go destination with <submission> › Cross-page redirect reaches its Go destination with native form (318ms)
  ✓   12 [chromium] › .features-gen/features/actions-cross-page.feature.spec.js:56:5 › A Go action can answer a form posted from another page › Cross-page <outcome> reaches its Go destination with <submission> › Cross-page forbidden reaches its Go destination with Kit enhancement (365ms)
  ✓   13 [chromium] › .features-gen/features/actions-cross-page.feature.spec.js:64:5 › A Go action can answer a form posted from another page › Cross-page <outcome> reaches its Go destination with <submission> › Cross-page forbidden reaches its Go destination with native form (369ms)
  ✓   14 [chromium] › .features-gen/features/actions-cross-page.feature.spec.js:72:5 › A Go action can answer a form posted from another page › Cross-page <outcome> reaches its Go destination with <submission> › Cross-page unavailable reaches its Go destination with Kit enhancement (351ms)
  ✓   16 [chromium] › .features-gen/features/actions-form-data.feature.spec.js:8:5 › Go actions receive real browser form data › A poem upload reaches Go through <submission> › A poem upload reaches Go through Kit enhancement (238ms)
  ✓   15 [chromium] › .features-gen/features/actions-cross-page.feature.spec.js:80:5 › A Go action can answer a form posted from another page › Cross-page <outcome> reaches its Go destination with <submission> › Cross-page unavailable reaches its Go destination with native form (401ms)
  ✓   18 [chromium] › .features-gen/features/actions-form-data.feature.spec.js:26:5 › Go actions receive real browser form data › The clicked button controls <encoding> encoding with <submission> › The clicked button controls standard encoding with Kit enhancement (181ms)
  ✓   17 [chromium] › .features-gen/features/actions-form-data.feature.spec.js:15:5 › Go actions receive real browser form data › A poem upload reaches Go through <submission> › A poem upload reaches Go through native then hydration (294ms)
  ✓   19 [chromium] › .features-gen/features/actions-form-data.feature.spec.js:32:5 › Go actions receive real browser form data › The clicked button controls <encoding> encoding with <submission> › The clicked button controls multipart encoding with Kit enhancement (179ms)
  ✓   20 [chromium] › .features-gen/features/actions-form-data.feature.spec.js:38:5 › Go actions receive real browser form data › The clicked button controls <encoding> encoding with <submission> › The clicked button controls standard encoding with native then hydration (225ms)
  ✓   21 [chromium] › .features-gen/features/actions-form-data.feature.spec.js:44:5 › Go actions receive real browser form data › The clicked button controls <encoding> encoding with <submission> › The clicked button controls multipart encoding with native then hydration (224ms)
  ✓   22 [chromium] › .features-gen/features/actions-options.feature.spec.js:6:3 › Page rendering options govern native Go action documents › A no-client leaf error uses its surviving error branch options (153ms)
  ✓   23 [chromium] › .features-gen/features/actions-options.feature.spec.js:12:3 › Page rendering options govern native Go action documents › An unexpected no-client action uses the safe section error page (171ms)
  ✓   24 [chromium] › .features-gen/features/actions-options.feature.spec.js:18:3 › Page rendering options govern native Go action documents › An enhanced client-rendered action displays the Go receipt after boot (186ms)
  ✓   25 [chromium] › .features-gen/features/actions-options.feature.spec.js:26:5 › Page rendering options govern native Go action documents › A native client-rendered <outcome> returns a shell and then the ordinary page › A native client-rendered success returns a shell and then the ordinary page (219ms)
  ✓   26 [chromium] › .features-gen/features/actions-options.feature.spec.js:33:5 › Page rendering options govern native Go action documents › A native client-rendered <outcome> returns a shell and then the ordinary page › A native client-rendered validation returns a shell and then the ordinary page (220ms)
  ✓   27 [chromium] › .features-gen/features/actions-options.feature.spec.js:40:5 › Page rendering options govern native Go action documents › A native client-rendered <outcome> returns a shell and then the ordinary page › A native client-rendered forbidden returns a shell and then the ordinary page (185ms)
  ✓   28 [chromium] › .features-gen/features/actions-options.feature.spec.js:47:5 › Page rendering options govern native Go action documents › A native client-rendered <outcome> returns a shell and then the ordinary page › A native client-rendered unavailable returns a shell and then the ordinary page (201ms)
  ✓   29 [chromium] › .features-gen/features/actions-request-context.feature.spec.js:6:3 › Page actions preserve their request context › A data action's cookie is visible in the following Go load with Kit enhancement (204ms)
  ✓   30 [chromium] › .features-gen/features/actions-request-context.feature.spec.js:14:3 › Page actions preserve their request context › A successful save carries its response header with Kit enhancement (211ms)
  ✓   31 [chromium] › .features-gen/features/actions-request-context.feature.spec.js:21:3 › Page actions preserve their request context › The handle hook redirects a guarded edit with Kit enhancement (222ms)
  ✓   32 [chromium] › .features-gen/features/actions-request-context.feature.spec.js:29:3 › Page actions preserve their request context › The handle hook refuses a guarded edit with Kit enhancement (216ms)
  ✓   33 [chromium] › .features-gen/features/actions-shared.feature.spec.js:8:5 › Classic actions share Kit routes with Go endpoints and remote forms › A classic receipt and an endpoint answer come from the same route with <submission> › A classic receipt and an endpoint answer come from the same route with Kit enhancement (269ms)
  ✓   34 [chromium] › .features-gen/features/actions-shared.feature.spec.js:17:5 › Classic actions share Kit routes with Go endpoints and remote forms › A classic receipt and an endpoint answer come from the same route with <submission> › A classic receipt and an endpoint answer come from the same route with native form (294ms)
  ✓   35 [chromium] › .features-gen/features/actions-shared.feature.spec.js:28:3 › Classic actions share Kit routes with Go endpoints and remote forms › Kit-enhanced remote and classic forms keep separate protocols (252ms)
  ✓   36 [chromium] › .features-gen/features/actions.feature.spec.js:6:3 › A named Go page action saves a profile › Kit enhancement saves Grace without replacing the document (295ms)
  ✓   38 [chromium] › .features-gen/features/actions.feature.spec.js:28:3 › A named Go page action saves a profile › Kit enhancement retains a rejected edit and the Ada profile (246ms)
  ✓   37 [chromium] › .features-gen/features/actions.feature.spec.js:16:3 › A named Go page action saves a profile › A native POST renders the receipt before hydration and keeps it afterward (527ms)
  ✓   40 [chromium] › .features-gen/features/actions.feature.spec.js:48:3 › A named Go page action saves a profile › Kit enhancement archives without action data (219ms)
  ✓   39 [chromium] › .features-gen/features/actions.feature.spec.js:37:3 › A named Go page action saves a profile › A native rejected edit is complete before and after hydration (491ms)
  ✓   42 [chromium] › .features-gen/features/actions.feature.spec.js:70:5 › A named Go page action saves a profile › Sign-in redirects with a persistent session cookie through <submission> › Sign-in redirects with a persistent session cookie through Kit enhancement (244ms)
  ✓   41 [chromium] › .features-gen/features/actions.feature.spec.js:57:3 › A named Go page action saves a profile › A native archive has null form data before and after hydration (402ms)
  ✓   43 [chromium] › .features-gen/features/actions.feature.spec.js:81:5 › A named Go page action saves a profile › Sign-in redirects with a persistent session cookie through <submission> › Sign-in redirects with a persistent session cookie through native then hydration (231ms)
  ✓   44 [chromium] › .features-gen/features/actions.feature.spec.js:96:5 › A named Go page action saves a profile › A forbidden edit uses the Actions error boundary through <submission> › A forbidden edit uses the Actions error boundary through Kit enhancement (301ms)
  ✓   45 [chromium] › .features-gen/features/actions.feature.spec.js:107:5 › A named Go page action saves a profile › A forbidden edit uses the Actions error boundary through <submission> › A forbidden edit uses the Actions error boundary through native then hydration (372ms)
  ✓   46 [chromium] › .features-gen/features/actions.feature.spec.js:122:5 › A named Go page action saves a profile › An unexpected failure keeps its private detail out through <submission> › An unexpected failure keeps its private detail out through Kit enhancement (310ms)
  ✓   48 [chromium] › .features-gen/features/app.feature.spec.js:6:3 › SvelteKit served by Go › Client-side navigation does not reload the document (171ms)
  ✓   47 [chromium] › .features-gen/features/actions.feature.spec.js:133:5 › A named Go page action saves a profile › An unexpected failure keeps its private detail out through <submission> › An unexpected failure keeps its private detail out through native then hydration (421ms)
  ✓   49 [chromium] › .features-gen/features/async-ssr.feature.spec.js:6:3 › Independent Go operations overlap during server rendering › Independent queries finish together in the document (420ms)
  ✓   51 [chromium] › .features-gen/features/async-ssr.feature.spec.js:18:3 › Independent Go operations overlap during server rendering › A dependent query receives the first query's result (410ms)
  ✓   52 [chromium] › .features-gen/features/async-ssr.feature.spec.js:24:3 › Independent Go operations overlap during server rendering › Abandoned work finishes while a new page is rendering (684ms)
  ✓   53 [chromium] › .features-gen/features/auth.feature.spec.js:6:3 › Signing in › A visitor signs in and the session survives a reload (206ms)
  ✓   54 [chromium] › .features-gen/features/auth.feature.spec.js:16:3 › Signing in › Signing out ends the session (231ms)
  ✓   55 [chromium] › .features-gen/features/auth.feature.spec.js:27:3 › Signing in › A signed-in visitor sees a todo a signed-out visitor cannot (256ms)
  ✓   56 [chromium] › .features-gen/features/auth.feature.spec.js:40:3 › Signing in › The todo count counts only the todos the visitor can see (292ms)
  ✓   50 [chromium] › .features-gen/features/async-ssr.feature.spec.js:12:3 › Independent Go operations overlap during server rendering › Queries, a batch and a live first value overlap (2.6s)
  ✓   57 [chromium] › .features-gen/features/batch.feature.spec.js:6:3 › A batch query answers several components in one call › Hydration does not refetch what the batch already answered (596ms)
  ✓   59 [chromium] › .features-gen/features/colocation.feature.spec.js:6:3 › Go beside the route it serves › A page inside a layout group is answered from inside the parentheses (181ms)
  ✓   60 [chromium] › .features-gen/features/colocation.feature.spec.js:14:3 › Go beside the route it serves › A rest parameter reaches the Go function in its own directory (91ms)
  ✓   58 [chromium] › .features-gen/features/batch.feature.spec.js:15:3 › A batch query answers several components in one call › A client-side visit sends the four calls as one request (746ms)
  ✓   61 [chromium] › .features-gen/features/csp.feature.spec.js:6:3 › A document's Content-Security-Policy header matches what it renders › A page Go renders per request gets a nonce, and the page still hydrates under it (279ms)
  ✓   63 [chromium] › .features-gen/features/emptyarray.feature.spec.js:10:3 › A Go slice that was never filled is still a list › A client-side navigation to the page shows the same empty list (208ms)
  ✓   64 [chromium] › .features-gen/features/emptyarray.feature.spec.js:19:3 › A Go slice that was never filled is still a list › A command's result counts the same way (157ms)
  ✓   65 [chromium] › .features-gen/features/engine-build.feature.spec.js:6:3 › The engine's JavaScript is SvelteKit's own build › A prerendered page still uses its Go layout and page loads (88ms)
  ✓   66 [chromium] › .features-gen/features/engine-build.feature.spec.js:16:5 › The engine's JavaScript is SvelteKit's own build › A dynamic prerender entry uses its Go page load › Example #1 (73ms)
  ✓   67 [chromium] › .features-gen/features/engine-build.feature.spec.js:22:5 › The engine's JavaScript is SvelteKit's own build › A dynamic prerender entry uses its Go page load › Example #2 (71ms)
  ✓   68 [chromium] › .features-gen/features/engine-build.feature.spec.js:30:3 › The engine's JavaScript is SvelteKit's own build › A value Go answered during the render is in the document, under kit's own id (770ms)
  ✓   69 [chromium] › .features-gen/features/form.feature.spec.js:6:3 › Forms written in Go › Optional scalar controls distinguish omission from explicit zero, false, and empty (346ms)
  ✓   62 [chromium] › .features-gen/features/csp.feature.spec.js:19:3 › A document's Content-Security-Policy header matches what it renders › A value a load promised still fills in after the document streams under a nonce (3.9s)
  ✓   70 [chromium] › .features-gen/features/form.feature.spec.js:16:3 › Forms written in Go › A browser and the generated Go client share the running Optional Form (2.4s)
  ✓   72 [chromium] › .features-gen/features/form.feature.spec.js:57:3 › Forms written in Go › SvelteKit 3 reports which remote form fields are dirty (96ms)
  ✓   71 [chromium] › .features-gen/features/form.feature.spec.js:46:3 › Forms written in Go › A form submission reaches Go and updates the page (716ms)
  ✓   73 [chromium] › .features-gen/features/form.feature.spec.js:65:3 › Forms written in Go › A rejected submission puts each message on its own field and keeps what was typed (277ms)
  ✓   74 [chromium] › .features-gen/features/form.feature.spec.js:82:3 › Forms written in Go › An uploaded file's bytes reach Go (211ms)
  ✓   75 [chromium] › .features-gen/features/form.feature.spec.js:92:3 › Forms written in Go › A submission that bypasses kit's client hydrates to the state Go rendered (142ms)
  ✓   76 [chromium] › .features-gen/features/form.feature.spec.js:102:3 › Forms written in Go › The issues of a submission that bypasses kit's client survive hydration (262ms)
  ✓   78 [chromium] › .features-gen/features/gate.feature.spec.js:17:3 › A command handles every refresh its client requested › A query the handler explicitly ignored is not run, and the write happened anyway (360ms)
  ✓   77 [chromium] › .features-gen/features/gate.feature.spec.js:6:3 › A command handles every refresh its client requested › The refresh the handler declared arrives in the command's own response (708ms)
  ✓   79 [chromium] › .features-gen/features/gate.feature.spec.js:33:3 › A command handles every refresh its client requested › An instance past the handler's limit is refused, and says why (230ms)
  ✓   80 [chromium] › .features-gen/features/live.feature.spec.js:6:3 › A live query is rendered by Go and then keeps arriving › Hydration listens rather than refetching (753ms)
  ✓   81 [chromium] › .features-gen/features/live.feature.spec.js:19:3 › A live query is rendered by Go and then keeps arriving › A command in another tab reaches the open page over the stream (792ms)
  ✓   82 [chromium] › .features-gen/features/live.feature.spec.js:33:3 › A live query is rendered by Go and then keeps arriving › Two changes are two pushes (289ms)
  ✓   83 [chromium] › .features-gen/features/loads.feature.spec.js:6:3 › Server loads written in Go › Moving between two pages under one layout does not reload the layout's data (973ms)
  ✓   85 [chromium] › .features-gen/features/middleware.feature.spec.js:6:3 › Go middleware wraps the whole request › Middleware authenticates a cold document and kit's client carries on (184ms)
  ✓   86 [chromium] › .features-gen/features/middleware.feature.spec.js:18:3 › Go middleware wraps the whole request › An enhanced form is answered through the middleware (158ms)
  ✓   87 [chromium] › .features-gen/features/nested-fetch.feature.spec.js:6:3 › Fetches that reach the app's own rendered pages › A universal load's fetch of a rendered page is in the cold document, survives hydration and a Kit navigation (380ms)
  ✓   84 [chromium] › .features-gen/features/loads.feature.spec.js:21:3 › Server loads written in Go › Kit reruns only the Go load whose tracked inputs changed (2.2s)
  ✓   88 [chromium] › .features-gen/features/nested-fetch.feature.spec.js:17:3 › Fetches that reach the app's own rendered pages › A Go load's fetches of every kind of destination are in the cold document and again after a Kit navigation (731ms)
  ✓   89 [chromium] › .features-gen/features/refresh.feature.spec.js:6:3 › A Go command refreshes a query it names › The refreshed value rides back on the command's own response (970ms)
  ✓   91 [chromium] › .features-gen/features/remote.feature.spec.js:6:3 › Remote functions written in Go › Adding a todo refreshes the list in a single flight (666ms)
  ✓   92 [chromium] › .features-gen/features/remote.feature.spec.js:15:3 › Remote functions written in Go › A deep link passes the query argument to Go (82ms)
  ✓   90 [chromium] › .features-gen/features/refresh.feature.spec.js:16:3 › A Go command refreshes a query it names › The argument decides which panel is told anything (2.1s)
  ✓   93 [chromium] › .features-gen/features/remote.feature.spec.js:20:3 › Remote functions written in Go › A universal load shares its remote query with the component at hydration (584ms)
  ✓   94 [chromium] › .features-gen/features/remote.feature.spec.js:26:3 › Remote functions written in Go › A universal load fetches its remote query once on client navigation (690ms)
  ✓   96 [chromium] › .features-gen/features/remote.feature.spec.js:43:3 › Remote functions written in Go › Commands drive the live count, one todo at a time (249ms)
  ✓   95 [chromium] › .features-gen/features/remote.feature.spec.js:34:3 › Remote functions written in Go › A universal load's query is still requested once when the response is slow (912ms)
  ✓   97 [chromium] › .features-gen/features/remote.feature.spec.js:57:3 › Remote functions written in Go › Renaming a todo updates the open page without a second request (793ms)
  ✓   98 [chromium] › .features-gen/features/request-fetch.feature.spec.js:6:3 › A Go load that fetches through its request event › The fetched value is in the document and again after a Kit navigation (831ms)
  ✓   99 [chromium] › .features-gen/features/showcase.feature.spec.js:8:5 › The front page says what skgo can do › An entry opens the page it names › Example #1 (303ms)
  ✓  100 [chromium] › .features-gen/features/showcase.feature.spec.js:16:5 › The front page says what skgo can do › An entry opens the page it names › Example #2 (269ms)
  ✓  101 [chromium] › .features-gen/features/showcase.feature.spec.js:24:5 › The front page says what skgo can do › An entry opens the page it names › Example #3 (263ms)
  ✓  102 [chromium] › .features-gen/features/showcase.feature.spec.js:32:5 › The front page says what skgo can do › An entry opens the page it names › Example #4 (269ms)
  ✓  103 [chromium] › .features-gen/features/showcase.feature.spec.js:40:5 › The front page says what skgo can do › An entry opens the page it names › Example #5 (275ms)
  ✓  104 [chromium] › .features-gen/features/showcase.feature.spec.js:48:5 › The front page says what skgo can do › An entry opens the page it names › Example #6 (295ms)
  ✓  105 [chromium] › .features-gen/features/showcase.feature.spec.js:56:5 › The front page says what skgo can do › An entry opens the page it names › Example #7 (269ms)
  ✓  106 [chromium] › .features-gen/features/showcase.feature.spec.js:64:5 › The front page says what skgo can do › An entry opens the page it names › Example #8 (270ms)
  ✓  107 [chromium] › .features-gen/features/showcase.feature.spec.js:72:5 › The front page says what skgo can do › An entry opens the page it names › Example #9 (271ms)
  ✓  108 [chromium] › .features-gen/features/showcase.feature.spec.js:80:5 › The front page says what skgo can do › An entry opens the page it names › Example #10 (278ms)
  ✓  110 [chromium] › .features-gen/features/showcase.feature.spec.js:96:5 › The front page says what skgo can do › An entry opens the page it names › Example #12 (255ms)
  ✓  111 [chromium] › .features-gen/features/showcase.feature.spec.js:104:5 › The front page says what skgo can do › An entry opens the page it names › Example #13 (246ms)
  ✓  112 [chromium] › .features-gen/features/showcase.feature.spec.js:112:5 › The front page says what skgo can do › An entry opens the page it names › Example #14 (275ms)
  ✓  113 [chromium] › .features-gen/features/showcase.feature.spec.js:120:5 › The front page says what skgo can do › An entry opens the page it names › Example #15 (253ms)
  ✓  114 [chromium] › .features-gen/features/showcase.feature.spec.js:128:5 › The front page says what skgo can do › An entry opens the page it names › Example #16 (243ms)
  ✓  115 [chromium] › .features-gen/features/showcase.feature.spec.js:136:5 › The front page says what skgo can do › An entry opens the page it names › Example #17 (237ms)
  ✓  116 [chromium] › .features-gen/features/showcase.feature.spec.js:144:5 › The front page says what skgo can do › An entry opens the page it names › Example #18 (239ms)
  ✓  117 [chromium] › .features-gen/features/showcase.feature.spec.js:152:5 › The front page says what skgo can do › An entry opens the page it names › Example #19 (243ms)
  ✓  118 [chromium] › .features-gen/features/showcase.feature.spec.js:160:5 › The front page says what skgo can do › An entry opens the page it names › Example #20 (243ms)
  ✓  119 [chromium] › .features-gen/features/showcase.feature.spec.js:168:5 › The front page says what skgo can do › An entry opens the page it names › Example #21 (242ms)
  ✓  120 [chromium] › .features-gen/features/showcase.feature.spec.js:176:5 › The front page says what skgo can do › An entry opens the page it names › Example #22 (240ms)
  ✓  121 [chromium] › .features-gen/features/showcase.feature.spec.js:186:3 › The front page says what skgo can do › The entry for a failure the page catches itself keeps the rest of the page (242ms)
  ✓  122 [chromium] › .features-gen/features/showcase.feature.spec.js:194:3 › The front page says what skgo can do › Client-side navigation shows what the handleError hook chose (774ms)
  ✓  109 [chromium] › .features-gen/features/showcase.feature.spec.js:88:5 › The front page says what skgo can do › An entry opens the page it names › Example #11 (4.1s)
  ✓  124 [chromium] › .features-gen/features/ssr.feature.spec.js:17:3 › Pages arrive rendered, and kit's client takes them over › The plans on the pricing page are asked for only once the browser has the page (90ms)
  ✓  125 [chromium] › .features-gen/features/ssr.feature.spec.js:23:3 › Pages arrive rendered, and kit's client takes them over › A page marked ssr = false still arrives as the shell (88ms)
  ✓  123 [chromium] › .features-gen/features/ssr.feature.spec.js:6:3 › Pages arrive rendered, and kit's client takes them over › Hydration does not refetch what the document already carried (1.2s)
  ✓  126 [chromium] › .features-gen/features/ssr.feature.spec.js:31:5 › Pages arrive rendered, and kit's client takes them over › A value the load only promised arrives on the same document › A cold load shows the loading state first and fills it in later (3.0s)
  ✓  127 [chromium] › .features-gen/features/stream.feature.spec.js:6:3 › A load can promise several values, and each one arrives when it is ready › A cold load shows three loading states and replaces them one at a time (3.9s)
  ✓  128 [chromium] › .features-gen/features/stream.feature.spec.js:15:3 › A load can promise several values, and each one arrives when it is ready › A cold load through middleware that transforms the document still streams into kit's client (3.7s)
  ✓  130 [chromium] › .features-gen/features/transport.feature.spec.js:6:3 › Custom types keep their behaviour across the wire › A price arrives in the browser as something with methods (96ms)
  ✓  131 [chromium] › .features-gen/features/transport.feature.spec.js:14:3 › Custom types keep their behaviour across the wire › A price the browser builds reaches Go as the Go type (177ms)
  ✓  132 [chromium] › .features-gen/features/universal-fetch.feature.spec.js:6:3 › A universal load's fetches are replayed into the page, not repeated › A cold document carries every answer and Kit's client hydrates without asking again (626ms)
  ✓  133 [chromium] › .features-gen/features/universal-fetch.feature.spec.js:15:3 › A universal load's fetches are replayed into the page, not repeated › A Kit navigation shows the new values and asks the endpoints exactly once more, except for what may be kept (716ms)
  ✓  134 [chromium] › .features-gen/features/universal-load.feature.spec.js:6:3 › Pure universal load over Go data › An invoice filter survives hydration and reruns through Kit navigation (176ms)
(node:45523) Warning: The 'NO_COLOR' env is ignored due to the 'FORCE_COLOR' env being set.
(Use `node --trace-warnings ...` to show where the warning was created)
  ✓  135 [noscript] › .features-gen/features/actions-composition-form-noscript.feature.spec.js:6:3 › Composed Go actions remain native without JavaScript › The default action saves Grace without JavaScript (286ms)
  ✓  136 [noscript] › .features-gen/features/actions-composition-form-noscript.feature.spec.js:15:3 › Composed Go actions remain native without JavaScript › A chosen archive button dispatches without JavaScript (198ms)
  ✓  137 [noscript] › .features-gen/features/actions-composition-form-noscript.feature.spec.js:22:3 › Composed Go actions remain native without JavaScript › A parameter selects only Ada without JavaScript (268ms)
  ✓  138 [noscript] › .features-gen/features/actions-cross-page-form-noscript.feature.spec.js:8:5 › Cross-page Go actions work without JavaScript › Native cross-page <outcome> works without JavaScript › Native cross-page success works without JavaScript (234ms)
  ✓  139 [noscript] › .features-gen/features/actions-cross-page-form-noscript.feature.spec.js:16:5 › Cross-page Go actions work without JavaScript › Native cross-page <outcome> works without JavaScript › Native cross-page validation works without JavaScript (239ms)
  ✓  140 [noscript] › .features-gen/features/actions-cross-page-form-noscript.feature.spec.js:24:5 › Cross-page Go actions work without JavaScript › Native cross-page <outcome> works without JavaScript › Native cross-page redirect works without JavaScript (224ms)
  ✓  141 [noscript] › .features-gen/features/actions-cross-page-form-noscript.feature.spec.js:32:5 › Cross-page Go actions work without JavaScript › Native cross-page <outcome> works without JavaScript › Native cross-page forbidden works without JavaScript (298ms)
  ✓  142 [noscript] › .features-gen/features/actions-cross-page-form-noscript.feature.spec.js:40:5 › Cross-page Go actions work without JavaScript › Native cross-page <outcome> works without JavaScript › Native cross-page unavailable works without JavaScript (279ms)
  ✓  143 [noscript] › .features-gen/features/actions-form-data-form-noscript.feature.spec.js:6:3 › Go actions receive real browser form data without JavaScript › A native poem upload reaches Go with scripting disabled (245ms)
  ✓  144 [noscript] › .features-gen/features/actions-form-data-form-noscript.feature.spec.js:16:5 › Go actions receive real browser form data without JavaScript › A native clicked button controls <encoding> encoding without JavaScript › A native clicked button controls standard encoding without JavaScript (181ms)
  ✓  145 [noscript] › .features-gen/features/actions-form-data-form-noscript.feature.spec.js:23:5 › Go actions receive real browser form data without JavaScript › A native clicked button controls <encoding> encoding without JavaScript › A native clicked button controls multipart encoding without JavaScript (182ms)
  ✓  146 [noscript] › .features-gen/features/actions-form-noscript.feature.spec.js:6:3 › A named Go page action works without JavaScript › A native POST saves Grace with scripting disabled (366ms)
  ✓  129 [chromium] › .features-gen/features/stream.feature.spec.js:28:3 › A load can promise several values, and each one arrives when it is ready › A client-side navigation fills the page in exactly as a cold load does (7.4s)
  ✓  147 [noscript] › .features-gen/features/actions-form-noscript.feature.spec.js:17:3 › A named Go page action works without JavaScript › A native rejected edit retains fields with scripting disabled (317ms)
(node:45572) Warning: The 'NO_COLOR' env is ignored due to the 'FORCE_COLOR' env being set.
(Use `node --trace-warnings ...` to show where the warning was created)
  ✓  148 [noscript] › .features-gen/features/actions-form-noscript.feature.spec.js:37:3 › A named Go page action works without JavaScript › A native sign-in redirects and keeps its cookie without scripting (206ms)
  ✓  150 [noscript] › .features-gen/features/actions-form-noscript.feature.spec.js:47:3 › A named Go page action works without JavaScript › A native forbidden edit uses the Actions boundary without scripting (304ms)
  ✓  149 [noscript] › .features-gen/features/actions-form-noscript.feature.spec.js:27:3 › A named Go page action works without JavaScript › A native archive has no receipt with scripting disabled (411ms)
  ✓  152 [noscript] › .features-gen/features/actions-options-form-noscript.feature.spec.js:6:3 › Page rendering options with scripting disabled › A no-client action remains usable without browser scripting (169ms)
  ✓  151 [noscript] › .features-gen/features/actions-form-noscript.feature.spec.js:57:3 › A named Go page action works without JavaScript › A native unexpected failure stays safe without scripting (327ms)
  ✓  153 [noscript] › .features-gen/features/actions-options-form-noscript.feature.spec.js:13:3 › Page rendering options with scripting disabled › A no-client validation failure remains editable without scripting (170ms)
  ✓  154 [noscript] › .features-gen/features/actions-request-context-form-noscript.feature.spec.js:6:3 › Page action request context survives without JavaScript › A native data action's cookie reaches the same document load (232ms)
  ✓  155 [noscript] › .features-gen/features/actions-request-context-form-noscript.feature.spec.js:14:3 › Page action request context survives without JavaScript › A native save carries its response header (211ms)
  ✓  156 [noscript] › .features-gen/features/actions-request-context-form-noscript.feature.spec.js:21:3 › Page action request context survives without JavaScript › A native hook redirect stops the guarded edit (225ms)
  ✓  157 [noscript] › .features-gen/features/actions-request-context-form-noscript.feature.spec.js:29:3 › Page action request context survives without JavaScript › A native hook error renders the fatal page (228ms)
  ✓  158 [noscript] › .features-gen/features/actions-shared-form-noscript.feature.spec.js:6:3 › Native remote and classic forms share the Actions page without JavaScript › Both Go forms answer document POSTs without JavaScript (258ms)
  ✓  159 [noscript] › .features-gen/features/form-noscript.feature.spec.js:6:3 › A form works without JavaScript › A submission the browser posted itself comes back as the page, carrying its issues (4.2s)
  ✓  160 [noscript] › .features-gen/features/form-noscript.feature.spec.js:20:3 › A form works without JavaScript › A submission the browser posted itself comes back as the page, carrying its result (6.2s)
  ✓  161 [noscript] › .features-gen/features/form-noscript.feature.spec.js:32:3 › A form works without JavaScript › A keyed submission the browser posted itself carries its key to the Go handler (4.2s)
  ✓  163 [noscript] › .features-gen/features/middleware-form-noscript.feature.spec.js:6:3 › Middleware-authenticated forms work without JavaScript › A native form posted with no script is answered through the middleware (134ms)
  ✓  162 [noscript] › .features-gen/features/form-noscript.feature.spec.js:44:3 › A form works without JavaScript › A keyed submission the browser posted itself comes back as the page, carrying its own issues, independent of the bare form (4.2s)
(node:45647) Warning: The 'NO_COLOR' env is ignored due to the 'FORCE_COLOR' env being set.
(Use `node --trace-warnings ...` to show where the warning was created)
  ✓  164 [source-edit] › .features-gen/features/zz-source-update.feature.spec.js:6:3 › The document follows the source being served › A source edit reaches the open page and the next document in dev, and neither in prod (206ms)
  ✓  165 [source-edit] › .features-gen/features/zz-source-update.feature.spec.js:14:3 › The document follows the source being served › A dependency edited while its importer's bytes stay the same reaches the next document and Kit's navigation in dev, and neither in prod (286ms)
  ✓  166 [source-edit] › .features-gen/features/zz-source-update.feature.spec.js:22:3 › The document follows the source being served › An authored Go load edited while the servers run reaches the next document and Kit's navigation in dev, and neither in prod (305ms)
  ✓  167 [source-edit] › .features-gen/features/zz-source-update.feature.spec.js:30:3 › The document follows the source being served › A remote whose Go result type changes is regenerated and invoked by Kit with the new shape in dev, and unchanged in prod (285ms)
  ✓  168 [source-edit] › .features-gen/features/zz-source-update.feature.spec.js:40:3 › The document follows the source being served › A route whose Go load and component did not exist at launch is served, navigated to and removed again (150ms)
  ✓  169 [source-edit] › .features-gen/features/zz-source-update.feature.spec.js:51:3 › The document follows the source being served › A Go error is reported with its file and the same session recovers when it is corrected (121ms)
  ✓  170 [source-edit] › .features-gen/features/zz-source-update.feature.spec.js:59:3 › The document follows the source being served › An authored Go action edited while the servers run reaches Kit's enhanced form and a native form with scripting disabled in dev, and neither in prod (531ms)
  ✓  171 [source-edit] › .features-gen/features/zz-source-update.feature.spec.js:68:3 › The document follows the source being served › An authored Go endpoint's status, body and header edited while the servers run reach the composed handler and the hydrated page's fetch in dev, and not in prod (199ms)
  ✓  172 [source-edit] › .features-gen/features/zz-source-update.feature.spec.js:76:3 › The document follows the source being served › A server route and its Go handler that did not exist at launch are served and removed again (142ms)
  ✓  173 [source-edit] › .features-gen/features/zz-source-update.feature.spec.js:86:3 › The document follows the source being served › A template marker edited while the servers run reaches the next dev document, and not the build prod embeds (130ms)
  ✓  174 [source-edit] › .features-gen/features/zz-source-update.feature.spec.js:93:3 › The document follows the source being served › Page options written while the servers run are honored by the next dev document and by Kit's client, and not by prod's build (225ms)

  174 passed (56.9s)
