=== RUN   TestAppWithoutPageActionsStillHasAnActionRegistry
=== PAUSE TestAppWithoutPageActionsStillHasAnActionRegistry
=== RUN   TestActionDeclarationsMatchKit
=== PAUSE TestActionDeclarationsMatchKit
=== RUN   TestGeneratingAgainstAnotherSkgosAdapterIsRefused
=== PAUSE TestGeneratingAgainstAnotherSkgosAdapterIsRefused
=== RUN   TestGeneratingAnEmptyAppNeedsNoInstalledAdapter
=== PAUSE TestGeneratingAnEmptyAppNeedsNoInstalledAdapter
=== RUN   TestGeneratingAgainstThisModulesAdapterIsAllowed
=== PAUSE TestGeneratingAgainstThisModulesAdapterIsAllowed
=== RUN   TestANoArgumentRemoteFunctionIsAnOrdinaryGoFunction
=== PAUSE TestANoArgumentRemoteFunctionIsAnOrdinaryGoFunction
=== RUN   TestNoArgumentMeansNothingToProject
=== PAUSE TestNoArgumentMeansNothingToProject
=== RUN   TestAFunctionSkgoCannotPublishIsRefusedByName
=== PAUSE TestAFunctionSkgoCannotPublishIsRefusedByName
=== RUN   TestABatchQueryIsProjectedFromItsElementTypes
=== PAUSE TestABatchQueryIsProjectedFromItsElementTypes
=== RUN   TestABatchQueryThatIsNotABatchIsRefused
=== PAUSE TestABatchQueryThatIsNotABatchIsRefused
=== RUN   TestReadOnlyCheckFindsCurrentWireFieldBeforeStaleLink
=== PAUSE TestReadOnlyCheckFindsCurrentWireFieldBeforeStaleLink
=== RUN   TestRealCheckReportsWireAdviceAtAuthoredLocations
=== PAUSE TestRealCheckReportsWireAdviceAtAuthoredLocations
=== RUN   TestCheckWireAdviceUsesAuthoredDeclarations
=== PAUSE TestCheckWireAdviceUsesAuthoredDeclarations
=== RUN   TestCheckAcceptsNullableWithGeneratorProjection
=== PAUSE TestCheckAcceptsNullableWithGeneratorProjection
=== RUN   TestNamedDeferredPayloadSerializedNames
=== PAUSE TestNamedDeferredPayloadSerializedNames
=== RUN   TestFormClientInputContractEvolution
=== PAUSE TestFormClientInputContractEvolution
=== RUN   TestFormClientResultContractEvolution
=== PAUSE TestFormClientResultContractEvolution
=== RUN   TestFormClientGenerationRecoversAndTracksContract
=== PAUSE TestFormClientGenerationRecoversAndTracksContract
=== RUN   TestEmptyAppRemovesOldFormClient
=== PAUSE TestEmptyAppRemovesOldFormClient
=== RUN   TestAServerRouteBecomesTheModuleKitCompiles
=== PAUSE TestAServerRouteBecomesTheModuleKitCompiles
=== RUN   TestJavaScriptModeEmitsJSDocServerRoute
=== PAUSE TestJavaScriptModeEmitsJSDocServerRoute
=== RUN   TestTypeScriptModeServerRouteStubIsUnchanged
=== PAUSE TestTypeScriptModeServerRouteStubIsUnchanged
=== RUN   TestSwitchingLanguageReplacesTheServerRouteStub
=== PAUSE TestSwitchingLanguageReplacesTheServerRouteStub
=== RUN   TestARouteIdIsTheDirectoryPathVerbatim
=== PAUSE TestARouteIdIsTheDirectoryPathVerbatim
=== RUN   TestAServerRouteMarkerBelongsInServerGo
=== PAUSE TestAServerRouteMarkerBelongsInServerGo
=== RUN   TestARouteCannotAnswerAMethodTwice
=== PAUSE TestARouteCannotAnswerAMethodTwice
=== RUN   TestEnvironmentGenerationUsesDeclaredGoTypes
=== PAUSE TestEnvironmentGenerationUsesDeclaredGoTypes
=== RUN   TestWriteFormatsGeneratedSourceBeforeComparing
--- PASS: TestWriteFormatsGeneratedSourceBeforeComparing (0.16s)
=== RUN   TestWriteWithoutVitePlusLeavesGenerationAvailable
--- PASS: TestWriteWithoutVitePlusLeavesGenerationAvailable (0.00s)
=== RUN   TestJavaScriptModeEmitsJSDocServerLoadsAndActions
=== PAUSE TestJavaScriptModeEmitsJSDocServerLoadsAndActions
=== RUN   TestJavaScriptModeAcceptsAPrerenderedLoad
=== PAUSE TestJavaScriptModeAcceptsAPrerenderedLoad
=== RUN   TestJavaScriptModeLoadImportsATransportedClassFromHooks
=== PAUSE TestJavaScriptModeLoadImportsATransportedClassFromHooks
=== RUN   TestTypeScriptModeLoadStubCarriesTheBuildBridge
=== PAUSE TestTypeScriptModeLoadStubCarriesTheBuildBridge
=== RUN   TestJavaScriptModeEmitsJSDocRemotesAndTypes
=== PAUSE TestJavaScriptModeEmitsJSDocRemotesAndTypes
=== RUN   TestJavaScriptModeIsChosenFromTheApp
=== PAUSE TestJavaScriptModeIsChosenFromTheApp
=== RUN   TestSwitchingLanguageRemovesOnlyGeneratedFiles
=== PAUSE TestSwitchingLanguageRemovesOnlyGeneratedFiles
=== RUN   TestJavaScriptModeKeepsTheCollisionRefusal
=== PAUSE TestJavaScriptModeKeepsTheCollisionRefusal
=== RUN   TestEveryRouteDirectoryBecomesAnImportableGoPackage
=== PAUSE TestEveryRouteDirectoryBecomesAnImportableGoPackage
=== RUN   TestGeneratedRoutePackagesContainFilesNotSymlinks
=== PAUSE TestGeneratedRoutePackagesContainFilesNotSymlinks
=== RUN   TestGeneratedRoutePackagesSurviveAModuleArchive
=== PAUSE TestGeneratedRoutePackagesSurviveAModuleArchive
=== RUN   TestTheBoundaryStopsTheParentModuleWalkingIn
=== PAUSE TestTheBoundaryStopsTheParentModuleWalkingIn
=== RUN   TestAnAuthoredBoundaryIsLeftAlone
=== PAUSE TestAnAuthoredBoundaryIsLeftAlone
=== RUN   TestTheLinkTreeRegeneratesDeterministically
=== PAUSE TestTheLinkTreeRegeneratesDeterministically
=== RUN   TestRemovingTheLastGoFileRemovesTheBoundary
=== PAUSE TestRemovingTheLastGoFileRemovesTheBoundary
=== RUN   TestTheRoutePackageHoldsOnlyGeneratedCopies
=== PAUSE TestTheRoutePackageHoldsOnlyGeneratedCopies
=== RUN   TestAStaleLinkInTheRouteRootGoes
=== PAUSE TestAStaleLinkInTheRouteRootGoes
=== RUN   TestPruningRefusesToDeleteSomethingItDidNotCreate
=== PAUSE TestPruningRefusesToDeleteSomethingItDidNotCreate
=== RUN   TestLinkNamesAreTheDocumentedEncoding
=== PAUSE TestLinkNamesAreTheDocumentedEncoding
=== RUN   TestATypeFromAnotherModuleCrossesTheWire
=== PAUSE TestATypeFromAnotherModuleCrossesTheWire
=== RUN   TestTwoDependenciesCalledTheSameThingAreKeptApart
=== PAUSE TestTwoDependenciesCalledTheSameThingAreKeptApart
=== RUN   TestOneStubCannotImportTwoTypesOfTheSameName
=== PAUSE TestOneStubCannotImportTwoTypesOfTheSameName
=== RUN   TestATypeThatReachesAnotherOfItsOwnNameIsRefused
=== PAUSE TestATypeThatReachesAnotherOfItsOwnNameIsRefused
=== RUN   TestOnlyTheAppsOwnPackagesGetTheirDeclarationInPlace
=== PAUSE TestOnlyTheAppsOwnPackagesGetTheirDeclarationInPlace
=== RUN   TestOwnershipSurvivesASymlinkedPath
=== PAUSE TestOwnershipSurvivesASymlinkedPath
=== RUN   TestAPrerenderedPageCanHaveAGoLayoutLoadInItsBranch
=== PAUSE TestAPrerenderedPageCanHaveAGoLayoutLoadInItsBranch
=== RUN   TestPrerenderInheritanceMatchesKit
=== PAUSE TestPrerenderInheritanceMatchesKit
=== RUN   TestLoadsOutsideThePrerenderedBranchAreAccepted
=== PAUSE TestLoadsOutsideThePrerenderedBranchAreAccepted
=== RUN   TestAPrerenderedPageCanHaveItsOwnGoLoad
=== PAUSE TestAPrerenderedPageCanHaveItsOwnGoLoad
=== RUN   TestANamedLayoutResetExcludesLoadsOutsideKitsBranch
=== PAUSE TestANamedLayoutResetExcludesLoadsOutsideKitsBranch
=== RUN   TestTheLoadStubBridgesAPrerenderCall
=== PAUSE TestTheLoadStubBridgesAPrerenderCall
=== RUN   TestOptionExamplesInCommentsAndStringsAreIgnored
=== PAUSE TestOptionExamplesInCommentsAndStringsAreIgnored
=== RUN   TestGenerateRemovesWhatTheDeletedGoProduced
--- PASS: TestGenerateRemovesWhatTheDeletedGoProduced (8.08s)
=== RUN   TestGenerateRecoversFromAStaleGeneratedFile
=== PAUSE TestGenerateRecoversFromAStaleGeneratedFile
=== RUN   TestGenerateStillRefusesAGenuineTypeError
=== PAUSE TestGenerateStillRefusesAGenuineTypeError
=== RUN   TestProjectSpellsTheShapesPolytypeSpells
=== PAUSE TestProjectSpellsTheShapesPolytypeSpells
=== RUN   TestProjectRefusesWhatPolytypeCannotCarry
=== PAUSE TestProjectRefusesWhatPolytypeCannotCarry
=== RUN   TestImportPathOutsideTheRouteTreeStillHasToBeNameable
=== PAUSE TestImportPathOutsideTheRouteTreeStillHasToBeNameable
=== RUN   TestSerializedFieldNames
=== PAUSE TestSerializedFieldNames
=== CONT  TestAppWithoutPageActionsStillHasAnActionRegistry
=== CONT  TestSwitchingLanguageRemovesOnlyGeneratedFiles
=== CONT  TestFormClientGenerationRecoversAndTracksContract
=== CONT  TestJavaScriptModeIsChosenFromTheApp
=== CONT  TestJavaScriptModeEmitsJSDocRemotesAndTypes
=== CONT  TestTypeScriptModeLoadStubCarriesTheBuildBridge
=== CONT  TestJavaScriptModeLoadImportsATransportedClassFromHooks
=== CONT  TestJavaScriptModeAcceptsAPrerenderedLoad
=== CONT  TestJavaScriptModeEmitsJSDocServerLoadsAndActions
=== CONT  TestEnvironmentGenerationUsesDeclaredGoTypes
--- PASS: TestAppWithoutPageActionsStillHasAnActionRegistry (0.42s)
=== CONT  TestARouteCannotAnswerAMethodTwice
--- PASS: TestJavaScriptModeAcceptsAPrerenderedLoad (0.42s)
=== CONT  TestAServerRouteMarkerBelongsInServerGo
--- PASS: TestTypeScriptModeLoadStubCarriesTheBuildBridge (0.66s)
=== CONT  TestARouteIdIsTheDirectoryPathVerbatim
--- PASS: TestARouteIdIsTheDirectoryPathVerbatim (0.00s)
=== CONT  TestSwitchingLanguageReplacesTheServerRouteStub
--- PASS: TestJavaScriptModeEmitsJSDocRemotesAndTypes (0.79s)
=== CONT  TestTypeScriptModeServerRouteStubIsUnchanged
--- PASS: TestJavaScriptModeEmitsJSDocServerLoadsAndActions (0.85s)
=== CONT  TestABatchQueryThatIsNotABatchIsRefused
=== RUN   TestABatchQueryThatIsNotABatchIsRefused/no_argument_at_all
--- PASS: TestJavaScriptModeLoadImportsATransportedClassFromHooks (0.89s)
=== CONT  TestJavaScriptModeEmitsJSDocServerRoute
--- PASS: TestJavaScriptModeIsChosenFromTheApp (0.89s)
=== CONT  TestAServerRouteBecomesTheModuleKitCompiles
--- PASS: TestAServerRouteMarkerBelongsInServerGo (0.52s)
=== CONT  TestEmptyAppRemovesOldFormClient
--- PASS: TestEmptyAppRemovesOldFormClient (0.00s)
=== CONT  TestFormClientResultContractEvolution
--- PASS: TestARouteCannotAnswerAMethodTwice (0.58s)
=== CONT  TestCheckAcceptsNullableWithGeneratorProjection
--- PASS: TestEnvironmentGenerationUsesDeclaredGoTypes (1.12s)
=== CONT  TestFormClientInputContractEvolution
--- PASS: TestTypeScriptModeServerRouteStubIsUnchanged (0.36s)
=== CONT  TestNamedDeferredPayloadSerializedNames
--- PASS: TestAServerRouteBecomesTheModuleKitCompiles (0.30s)
=== CONT  TestCheckWireAdviceUsesAuthoredDeclarations
=== RUN   TestCheckWireAdviceUsesAuthoredDeclarations/nested_unsupported
=== PAUSE TestCheckWireAdviceUsesAuthoredDeclarations/nested_unsupported
=== RUN   TestCheckWireAdviceUsesAuthoredDeclarations/duplicate_name
=== PAUSE TestCheckWireAdviceUsesAuthoredDeclarations/duplicate_name
=== RUN   TestCheckWireAdviceUsesAuthoredDeclarations/deferred_remote
=== PAUSE TestCheckWireAdviceUsesAuthoredDeclarations/deferred_remote
=== RUN   TestCheckWireAdviceUsesAuthoredDeclarations/file_result
=== PAUSE TestCheckWireAdviceUsesAuthoredDeclarations/file_result
=== RUN   TestCheckWireAdviceUsesAuthoredDeclarations/deferred_file_result
=== PAUSE TestCheckWireAdviceUsesAuthoredDeclarations/deferred_file_result
=== RUN   TestCheckWireAdviceUsesAuthoredDeclarations/supported
=== PAUSE TestCheckWireAdviceUsesAuthoredDeclarations/supported
=== CONT  TestRealCheckReportsWireAdviceAtAuthoredLocations
=== RUN   TestABatchQueryThatIsNotABatchIsRefused/a_single_argument
--- PASS: TestJavaScriptModeEmitsJSDocServerRoute (0.38s)
=== CONT  TestANoArgumentRemoteFunctionIsAnOrdinaryGoFunction
--- PASS: TestSwitchingLanguageRemovesOnlyGeneratedFiles (1.42s)
=== CONT  TestABatchQueryIsProjectedFromItsElementTypes
=== RUN   TestRealCheckReportsWireAdviceAtAuthoredLocations/Detail
=== RUN   TestABatchQueryThatIsNotABatchIsRefused/a_single_result
--- PASS: TestSwitchingLanguageReplacesTheServerRouteStub (0.91s)
=== CONT  TestReadOnlyCheckFindsCurrentWireFieldBeforeStaleLink
=== RUN   TestReadOnlyCheckFindsCurrentWireFieldBeforeStaleLink/planted
--- PASS: TestABatchQueryThatIsNotABatchIsRefused (0.91s)
    --- PASS: TestABatchQueryThatIsNotABatchIsRefused/no_argument_at_all (0.38s)
    --- PASS: TestABatchQueryThatIsNotABatchIsRefused/a_single_argument (0.29s)
    --- PASS: TestABatchQueryThatIsNotABatchIsRefused/a_single_result (0.24s)
=== CONT  TestAFunctionSkgoCannotPublishIsRefusedByName
=== RUN   TestAFunctionSkgoCannotPublishIsRefusedByName/no_context_at_all
--- PASS: TestANoArgumentRemoteFunctionIsAnOrdinaryGoFunction (0.73s)
=== CONT  TestNoArgumentMeansNothingToProject
=== NAME  TestAFunctionSkgoCannotPublishIsRefusedByName/no_context_at_all
    arity_test.go:221: refused with:
        skgo: /var/folders/lt/09rsy64x65s_0fp2b8zq3n7m0000gn/T/TestAFunctionSkgoCannotPublishIsRefusedByNameno_context_at_all3552884659/001/app/web/src/data/data.remote.go:13:9: getThing is declared as a query, but its signature is func(id string) (string, error). A query is func(context.Context) (Out, error), or func(context.Context, In) (Out, error) when it takes an argument.
=== RUN   TestAFunctionSkgoCannotPublishIsRefusedByName/no_error_result
--- PASS: TestABatchQueryIsProjectedFromItsElementTypes (0.99s)
=== CONT  TestATypeThatReachesAnotherOfItsOwnNameIsRefused
=== NAME  TestAFunctionSkgoCannotPublishIsRefusedByName/no_error_result
    arity_test.go:221: refused with:
        skgo: /var/folders/lt/09rsy64x65s_0fp2b8zq3n7m0000gn/T/TestAFunctionSkgoCannotPublishIsRefusedByNameno_error_result3448343853/001/app/web/src/data/data.remote.go:13:9: getThing is declared as a query, but its signature is func(ctx context.Context) string. A query is func(context.Context) (Out, error), or func(context.Context, In) (Out, error) when it takes an argument.
=== RUN   TestAFunctionSkgoCannotPublishIsRefusedByName/two_arguments
    arity_test.go:221: refused with:
        skgo: /var/folders/lt/09rsy64x65s_0fp2b8zq3n7m0000gn/T/TestAFunctionSkgoCannotPublishIsRefusedByNametwo_arguments220280508/001/app/web/src/data/data.remote.go:13:9: getThing is declared as a query, but its signature is func(ctx context.Context, a string, b string) (string, error). A query is func(context.Context) (Out, error), or func(context.Context, In) (Out, error) when it takes an argument.
=== RUN   TestAFunctionSkgoCannotPublishIsRefusedByName/variadic
--- PASS: TestNoArgumentMeansNothingToProject (0.87s)
=== CONT  TestSerializedFieldNames
--- PASS: TestSerializedFieldNames (0.00s)
=== CONT  TestImportPathOutsideTheRouteTreeStillHasToBeNameable
--- PASS: TestImportPathOutsideTheRouteTreeStillHasToBeNameable (0.00s)
=== CONT  TestProjectRefusesWhatPolytypeCannotCarry
=== RUN   TestProjectRefusesWhatPolytypeCannotCarry/map
=== RUN   TestProjectRefusesWhatPolytypeCannotCarry/pointer
=== RUN   TestProjectRefusesWhatPolytypeCannotCarry/slice_of_pointers
=== RUN   TestProjectRefusesWhatPolytypeCannotCarry/interface
=== RUN   TestProjectRefusesWhatPolytypeCannotCarry/named_map
=== RUN   TestProjectRefusesWhatPolytypeCannotCarry/channel
--- PASS: TestProjectRefusesWhatPolytypeCannotCarry (0.00s)
    --- PASS: TestProjectRefusesWhatPolytypeCannotCarry/map (0.00s)
    --- PASS: TestProjectRefusesWhatPolytypeCannotCarry/pointer (0.00s)
    --- PASS: TestProjectRefusesWhatPolytypeCannotCarry/slice_of_pointers (0.00s)
    --- PASS: TestProjectRefusesWhatPolytypeCannotCarry/interface (0.00s)
    --- PASS: TestProjectRefusesWhatPolytypeCannotCarry/named_map (0.00s)
    --- PASS: TestProjectRefusesWhatPolytypeCannotCarry/channel (0.00s)
=== CONT  TestRemovingTheLastGoFileRemovesTheBoundary
--- PASS: TestRemovingTheLastGoFileRemovesTheBoundary (0.01s)
=== CONT  TestProjectSpellsTheShapesPolytypeSpells
=== RUN   TestProjectSpellsTheShapesPolytypeSpells/string
=== RUN   TestProjectSpellsTheShapesPolytypeSpells/bool
=== RUN   TestProjectSpellsTheShapesPolytypeSpells/int
=== RUN   TestProjectSpellsTheShapesPolytypeSpells/float64
=== RUN   TestProjectSpellsTheShapesPolytypeSpells/slice_of_strings
=== RUN   TestProjectSpellsTheShapesPolytypeSpells/named_struct
=== RUN   TestProjectSpellsTheShapesPolytypeSpells/slice_of_named_structs
=== RUN   TestProjectSpellsTheShapesPolytypeSpells/named_string
=== RUN   TestProjectSpellsTheShapesPolytypeSpells/array
=== RUN   TestProjectSpellsTheShapesPolytypeSpells/time.Time
--- PASS: TestProjectSpellsTheShapesPolytypeSpells (0.00s)
    --- PASS: TestProjectSpellsTheShapesPolytypeSpells/string (0.00s)
    --- PASS: TestProjectSpellsTheShapesPolytypeSpells/bool (0.00s)
    --- PASS: TestProjectSpellsTheShapesPolytypeSpells/int (0.00s)
    --- PASS: TestProjectSpellsTheShapesPolytypeSpells/float64 (0.00s)
    --- PASS: TestProjectSpellsTheShapesPolytypeSpells/slice_of_strings (0.00s)
    --- PASS: TestProjectSpellsTheShapesPolytypeSpells/named_struct (0.00s)
    --- PASS: TestProjectSpellsTheShapesPolytypeSpells/slice_of_named_structs (0.00s)
    --- PASS: TestProjectSpellsTheShapesPolytypeSpells/named_string (0.00s)
    --- PASS: TestProjectSpellsTheShapesPolytypeSpells/array (0.00s)
    --- PASS: TestProjectSpellsTheShapesPolytypeSpells/time.Time (0.00s)
=== CONT  TestGenerateStillRefusesAGenuineTypeError
=== NAME  TestAFunctionSkgoCannotPublishIsRefusedByName/variadic
    arity_test.go:221: refused with:
        skgo: /var/folders/lt/09rsy64x65s_0fp2b8zq3n7m0000gn/T/TestAFunctionSkgoCannotPublishIsRefusedByNamevariadic2027460696/001/app/web/src/data/data.remote.go:13:9: getThing is declared as a query, but its signature is func(ctx context.Context, ids ...string) (string, error): a query cannot be variadic, because kit calls it with one argument at most
=== RUN   TestAFunctionSkgoCannotPublishIsRefusedByName/a_live_query_with_no_yield
=== NAME  TestATypeThatReachesAnotherOfItsOwnNameIsRefused
    ownership_test.go:546: refused with:
        skgo: example.com/app/web/src/data.Thing reaches another type called Thing from a different package; TypeScript can only have one Thing in a module, so one of them has to be renamed
--- PASS: TestATypeThatReachesAnotherOfItsOwnNameIsRefused (0.80s)
=== CONT  TestGenerateRecoversFromAStaleGeneratedFile
=== NAME  TestAFunctionSkgoCannotPublishIsRefusedByName/a_live_query_with_no_yield
    arity_test.go:221: refused with:
        skgo: /var/folders/lt/09rsy64x65s_0fp2b8zq3n7m0000gn/T/TestAFunctionSkgoCannotPublishIsRefusedByNamea_live_query_with_4215424231/001/app/web/src/data/data.remote.go:13:9: watchThing is declared as a query.live, but its signature is func(ctx context.Context) error. A query.live is func(context.Context, func(Out) error) error, or func(context.Context, In, func(Out) error) error when it takes an argument.
=== RUN   TestAFunctionSkgoCannotPublishIsRefusedByName/a_live_query_that_returns_a_value
    arity_test.go:221: refused with:
        skgo: /var/folders/lt/09rsy64x65s_0fp2b8zq3n7m0000gn/T/TestAFunctionSkgoCannotPublishIsRefusedByNamea_live_query_that_16321484/001/app/web/src/data/data.remote.go:13:9: watchThing is declared as a query.live, but its signature is func(ctx context.Context, yield func(int) error) (int, error). A query.live is func(context.Context, func(Out) error) error, or func(context.Context, In, func(Out) error) error when it takes an argument.
--- PASS: TestAFunctionSkgoCannotPublishIsRefusedByName (2.43s)
    --- PASS: TestAFunctionSkgoCannotPublishIsRefusedByName/no_context_at_all (0.37s)
    --- PASS: TestAFunctionSkgoCannotPublishIsRefusedByName/no_error_result (0.32s)
    --- PASS: TestAFunctionSkgoCannotPublishIsRefusedByName/two_arguments (0.25s)
    --- PASS: TestAFunctionSkgoCannotPublishIsRefusedByName/variadic (0.37s)
    --- PASS: TestAFunctionSkgoCannotPublishIsRefusedByName/a_live_query_with_no_yield (0.38s)
    --- PASS: TestAFunctionSkgoCannotPublishIsRefusedByName/a_live_query_that_returns_a_value (0.75s)
=== CONT  TestOptionExamplesInCommentsAndStringsAreIgnored
--- PASS: TestOptionExamplesInCommentsAndStringsAreIgnored (0.00s)
=== CONT  TestTheLoadStubBridgesAPrerenderCall
--- PASS: TestTheLoadStubBridgesAPrerenderCall (0.40s)
=== CONT  TestANamedLayoutResetExcludesLoadsOutsideKitsBranch
--- PASS: TestANamedLayoutResetExcludesLoadsOutsideKitsBranch (0.35s)
=== CONT  TestAPrerenderedPageCanHaveItsOwnGoLoad
--- PASS: TestAPrerenderedPageCanHaveItsOwnGoLoad (0.32s)
=== CONT  TestOneStubCannotImportTwoTypesOfTheSameName
--- PASS: TestGenerateStillRefusesAGenuineTypeError (2.66s)
=== CONT  TestLoadsOutsideThePrerenderedBranchAreAccepted
--- PASS: TestLoadsOutsideThePrerenderedBranchAreAccepted (0.30s)
=== CONT  TestTwoDependenciesCalledTheSameThingAreKeptApart
=== NAME  TestOneStubCannotImportTwoTypesOfTheSameName
    ownership_test.go:508: refused with:
        skgo: /var/folders/lt/09rsy64x65s_0fp2b8zq3n7m0000gn/T/TestOneStubCannotImportTwoTypesOfTheSameName3714913482/001/app/web/src/data/data.remote.ts puts a type called Thing on the wire from both example.com/wire/other/wire and example.com/wire; TypeScript can only have one Thing in a module, so one of them has to be renamed or moved to a remote function in another file
--- PASS: TestOneStubCannotImportTwoTypesOfTheSameName (0.91s)
=== CONT  TestPrerenderInheritanceMatchesKit
=== RUN   TestPrerenderInheritanceMatchesKit/a_leaf_inherits_true_from_its_layout
=== RUN   TestPrerenderInheritanceMatchesKit/a_leaf_false_overrides_a_layout_true
=== RUN   TestPrerenderInheritanceMatchesKit/a_leaf_true_overrides_a_layout_false
=== RUN   TestPrerenderInheritanceMatchesKit/a_universal_option_wins_over_the_same_node_server_option
--- PASS: TestTwoDependenciesCalledTheSameThingAreKeptApart (1.37s)
=== CONT  TestATypeFromAnotherModuleCrossesTheWire
=== RUN   TestPrerenderInheritanceMatchesKit/auto_can_enter_kits_prerender_crawl
=== RUN   TestPrerenderInheritanceMatchesKit/an_unknown_universal_option_does_not_fall_back_to_the_server_option
--- PASS: TestATypeFromAnotherModuleCrossesTheWire (0.68s)
=== CONT  TestAPrerenderedPageCanHaveAGoLayoutLoadInItsBranch
--- PASS: TestPrerenderInheritanceMatchesKit (1.73s)
    --- PASS: TestPrerenderInheritanceMatchesKit/a_leaf_inherits_true_from_its_layout (0.31s)
    --- PASS: TestPrerenderInheritanceMatchesKit/a_leaf_false_overrides_a_layout_true (0.31s)
    --- PASS: TestPrerenderInheritanceMatchesKit/a_leaf_true_overrides_a_layout_false (0.38s)
    --- PASS: TestPrerenderInheritanceMatchesKit/a_universal_option_wins_over_the_same_node_server_option (0.27s)
    --- PASS: TestPrerenderInheritanceMatchesKit/auto_can_enter_kits_prerender_crawl (0.21s)
    --- PASS: TestPrerenderInheritanceMatchesKit/an_unknown_universal_option_does_not_fall_back_to_the_server_option (0.25s)
=== CONT  TestLinkNamesAreTheDocumentedEncoding
--- PASS: TestLinkNamesAreTheDocumentedEncoding (0.00s)
=== CONT  TestOwnershipSurvivesASymlinkedPath
--- PASS: TestOwnershipSurvivesASymlinkedPath (0.00s)
=== CONT  TestPruningRefusesToDeleteSomethingItDidNotCreate
--- PASS: TestPruningRefusesToDeleteSomethingItDidNotCreate (0.00s)
=== CONT  TestOnlyTheAppsOwnPackagesGetTheirDeclarationInPlace
=== RUN   TestOnlyTheAppsOwnPackagesGetTheirDeclarationInPlace/the_app's_own_root
=== RUN   TestOnlyTheAppsOwnPackagesGetTheirDeclarationInPlace/a_package_in_the_app
=== RUN   TestOnlyTheAppsOwnPackagesGetTheirDeclarationInPlace/a_route_package_behind_skgo's_own_go.mod_boundary
=== RUN   TestOnlyTheAppsOwnPackagesGetTheirDeclarationInPlace/a_dependency_in_the_module_cache
=== RUN   TestOnlyTheAppsOwnPackagesGetTheirDeclarationInPlace/a_sibling_module_in_the_same_checkout
=== RUN   TestOnlyTheAppsOwnPackagesGetTheirDeclarationInPlace/a_parent_of_the_app
=== RUN   TestOnlyTheAppsOwnPackagesGetTheirDeclarationInPlace/a_directory_whose_name_merely_starts_with_the_app's
--- PASS: TestOnlyTheAppsOwnPackagesGetTheirDeclarationInPlace (0.01s)
    --- PASS: TestOnlyTheAppsOwnPackagesGetTheirDeclarationInPlace/the_app's_own_root (0.00s)
    --- PASS: TestOnlyTheAppsOwnPackagesGetTheirDeclarationInPlace/a_package_in_the_app (0.00s)
    --- PASS: TestOnlyTheAppsOwnPackagesGetTheirDeclarationInPlace/a_route_package_behind_skgo's_own_go.mod_boundary (0.00s)
    --- PASS: TestOnlyTheAppsOwnPackagesGetTheirDeclarationInPlace/a_dependency_in_the_module_cache (0.00s)
    --- PASS: TestOnlyTheAppsOwnPackagesGetTheirDeclarationInPlace/a_sibling_module_in_the_same_checkout (0.00s)
    --- PASS: TestOnlyTheAppsOwnPackagesGetTheirDeclarationInPlace/a_parent_of_the_app (0.00s)
    --- PASS: TestOnlyTheAppsOwnPackagesGetTheirDeclarationInPlace/a_directory_whose_name_merely_starts_with_the_app's (0.00s)
=== CONT  TestAStaleLinkInTheRouteRootGoes
--- PASS: TestAStaleLinkInTheRouteRootGoes (0.00s)
=== CONT  TestTheRoutePackageHoldsOnlyGeneratedCopies
--- PASS: TestTheRoutePackageHoldsOnlyGeneratedCopies (0.00s)
=== CONT  TestGeneratedRoutePackagesSurviveAModuleArchive
--- PASS: TestGeneratedRoutePackagesSurviveAModuleArchive (0.00s)
=== CONT  TestTheLinkTreeRegeneratesDeterministically
--- PASS: TestTheLinkTreeRegeneratesDeterministically (0.01s)
=== CONT  TestAnAuthoredBoundaryIsLeftAlone
--- PASS: TestAnAuthoredBoundaryIsLeftAlone (0.01s)
=== CONT  TestTheBoundaryStopsTheParentModuleWalkingIn
--- PASS: TestTheBoundaryStopsTheParentModuleWalkingIn (0.01s)
=== CONT  TestEveryRouteDirectoryBecomesAnImportableGoPackage
--- PASS: TestEveryRouteDirectoryBecomesAnImportableGoPackage (0.01s)
=== CONT  TestGeneratedRoutePackagesContainFilesNotSymlinks
--- PASS: TestGeneratedRoutePackagesContainFilesNotSymlinks (0.01s)
=== CONT  TestGeneratingAnEmptyAppNeedsNoInstalledAdapter
--- PASS: TestGeneratingAnEmptyAppNeedsNoInstalledAdapter (0.00s)
=== CONT  TestGeneratingAgainstThisModulesAdapterIsAllowed
--- PASS: TestGeneratingAgainstThisModulesAdapterIsAllowed (0.01s)
=== CONT  TestJavaScriptModeKeepsTheCollisionRefusal
--- PASS: TestAPrerenderedPageCanHaveAGoLayoutLoadInItsBranch (0.24s)
=== CONT  TestGeneratingAgainstAnotherSkgosAdapterIsRefused
--- PASS: TestGeneratingAgainstAnotherSkgosAdapterIsRefused (0.00s)
=== CONT  TestActionDeclarationsMatchKit
=== RUN   TestActionDeclarationsMatchKit/two_named_actions
=== RUN   TestActionDeclarationsMatchKit/default_alone
--- PASS: TestJavaScriptModeKeepsTheCollisionRefusal (0.50s)
=== CONT  TestCheckWireAdviceUsesAuthoredDeclarations/nested_unsupported
=== RUN   TestActionDeclarationsMatchKit/duplicate_names
=== RUN   TestActionDeclarationsMatchKit/default_then_named
=== RUN   TestActionDeclarationsMatchKit/named_then_default
=== RUN   TestActionDeclarationsMatchKit/layout_placement
=== RUN   TestActionDeclarationsMatchKit/prerendered_page
=== RUN   TestActionDeclarationsMatchKit/auto_prerendered_page
=== RUN   TestActionDeclarationsMatchKit/inherited_prerender
=== CONT  TestCheckWireAdviceUsesAuthoredDeclarations/file_result
=== RUN   TestActionDeclarationsMatchKit/leaf_overrides_prerender
=== RUN   TestActionDeclarationsMatchKit/prerendered_sibling
--- PASS: TestActionDeclarationsMatchKit (2.80s)
    --- PASS: TestActionDeclarationsMatchKit/two_named_actions (0.30s)
    --- PASS: TestActionDeclarationsMatchKit/default_alone (0.23s)
    --- PASS: TestActionDeclarationsMatchKit/duplicate_names (0.24s)
    --- PASS: TestActionDeclarationsMatchKit/default_then_named (0.27s)
    --- PASS: TestActionDeclarationsMatchKit/named_then_default (0.22s)
    --- PASS: TestActionDeclarationsMatchKit/layout_placement (0.20s)
    --- PASS: TestActionDeclarationsMatchKit/prerendered_page (0.20s)
    --- PASS: TestActionDeclarationsMatchKit/auto_prerendered_page (0.25s)
    --- PASS: TestActionDeclarationsMatchKit/inherited_prerender (0.26s)
    --- PASS: TestActionDeclarationsMatchKit/leaf_overrides_prerender (0.34s)
    --- PASS: TestActionDeclarationsMatchKit/prerendered_sibling (0.29s)
=== CONT  TestCheckWireAdviceUsesAuthoredDeclarations/supported
=== CONT  TestCheckWireAdviceUsesAuthoredDeclarations/deferred_file_result
=== CONT  TestCheckWireAdviceUsesAuthoredDeclarations/deferred_remote
--- PASS: TestFormClientGenerationRecoversAndTracksContract (13.31s)
=== CONT  TestCheckWireAdviceUsesAuthoredDeclarations/duplicate_name
--- PASS: TestGenerateRecoversFromAStaleGeneratedFile (10.10s)
--- PASS: TestFormClientResultContractEvolution (12.79s)
--- PASS: TestFormClientInputContractEvolution (12.61s)
--- PASS: TestReadOnlyCheckFindsCurrentWireFieldBeforeStaleLink (13.58s)
    --- PASS: TestReadOnlyCheckFindsCurrentWireFieldBeforeStaleLink/planted (5.53s)
--- PASS: TestCheckWireAdviceUsesAuthoredDeclarations (0.00s)
    --- PASS: TestCheckWireAdviceUsesAuthoredDeclarations/nested_unsupported (1.56s)
    --- PASS: TestCheckWireAdviceUsesAuthoredDeclarations/file_result (1.42s)
    --- PASS: TestCheckWireAdviceUsesAuthoredDeclarations/deferred_file_result (1.76s)
    --- PASS: TestCheckWireAdviceUsesAuthoredDeclarations/deferred_remote (1.04s)
    --- PASS: TestCheckWireAdviceUsesAuthoredDeclarations/supported (4.24s)
    --- PASS: TestCheckWireAdviceUsesAuthoredDeclarations/duplicate_name (1.92s)
=== RUN   TestRealCheckReportsWireAdviceAtAuthoredLocations/Alias
=== RUN   TestRealCheckReportsWireAdviceAtAuthoredLocations/Later
=== RUN   TestRealCheckReportsWireAdviceAtAuthoredLocations/sendMessage
=== RUN   TestRealCheckReportsWireAdviceAtAuthoredLocations/supported
--- PASS: TestRealCheckReportsWireAdviceAtAuthoredLocations (15.75s)
    --- PASS: TestRealCheckReportsWireAdviceAtAuthoredLocations/Detail (15.42s)
    --- PASS: TestRealCheckReportsWireAdviceAtAuthoredLocations/Alias (0.00s)
    --- PASS: TestRealCheckReportsWireAdviceAtAuthoredLocations/Later (0.00s)
    --- PASS: TestRealCheckReportsWireAdviceAtAuthoredLocations/sendMessage (0.00s)
    --- PASS: TestRealCheckReportsWireAdviceAtAuthoredLocations/supported (0.00s)
--- PASS: TestCheckAcceptsNullableWithGeneratorProjection (16.66s)
=== RUN   TestNamedDeferredPayloadSerializedNames/named
=== RUN   TestNamedDeferredPayloadSerializedNames/slice
=== RUN   TestNamedDeferredPayloadSerializedNames/array
--- PASS: TestNamedDeferredPayloadSerializedNames (16.52s)
    --- PASS: TestNamedDeferredPayloadSerializedNames/named (0.00s)
    --- PASS: TestNamedDeferredPayloadSerializedNames/slice (0.00s)
    --- PASS: TestNamedDeferredPayloadSerializedNames/array (0.00s)
PASS
       26.21 real        70.70 user        62.79 sys
          1417084928  maximum resident set size
                   0  average shared memory size
                   0  average unshared data size
                   0  average unshared stack size
             6910213  page reclaims
               24479  page faults
                   0  swaps
                   0  block input operations
                   0  block output operations
                   0  messages sent
                   0  messages received
               22524  signals received
               24122  voluntary context switches
              926396  involuntary context switches
        187828417639  instructions retired
         71357394420  cycles elapsed
          1399719472  peak memory footprint
