{"alloc_bytes":33095728,"cpu_ms":52.006,"cpus":10,"gomaxprocs":10,"mode":"prod","phase":"startup","wall_ms":22.53525}
{"cpu_ms":0.211,"phase":"idle","seconds":2}
{"cpu_ms":5.403,"path":"/","phase":"first","wall_ms":5.009417}
{"allocs_request":22418,"bytes_request":2598832,"cpu_ms_request":4.2444665,"p95_ms":2.911375,"path":"/","phase":"warm","requests":2000,"wall_ms_request":1.4766375415000002}
        5.17 real         8.37 user         0.19 sys
           538263552  maximum resident set size
                   0  average shared memory size
                   0  average unshared data size
                   0  average unshared stack size
               33205  page reclaims
                   0  page faults
                   0  swaps
                   0  block input operations
                   0  block output operations
                   0  messages sent
                   0  messages received
                2699  signals received
                 630  voluntary context switches
               27580  involuntary context switches
         79445554803  instructions retired
         31927284759  cycles elapsed
           522322904  peak memory footprint
