{"alloc_bytes":32866976,"cpu_ms":42.685,"cpus":10,"gomaxprocs":10,"mode":"prod","phase":"startup","wall_ms":18.452084}
{"cpu_ms":2.913,"phase":"idle","seconds":2}
{"cpu_ms":12.167,"path":"/nested-universal","phase":"first","wall_ms":9.065542}
{"allocs_request":18932,"bytes_request":1799330,"cpu_ms_request":2.281026,"p95_ms":1.776291,"path":"/nested-universal","phase":"warm","requests":1000,"wall_ms_request":1.124754459}
{"gc_cycles":267,"heap_bytes":7956248,"heap_objects":79478,"path":"/nested-universal","phase":"retained"}
        3.44 real         2.26 user         0.14 sys
            52527104  maximum resident set size
                   0  average shared memory size
                   0  average unshared data size
                   0  average unshared stack size
                3488  page reclaims
                   0  page faults
                   0  swaps
                   0  block input operations
                   0  block output operations
                   0  messages sent
                   0  messages received
                4199  signals received
                 759  voluntary context switches
               40575  involuntary context switches
         29158568096  instructions retired
          9275466537  cycles elapsed
            34849392  peak memory footprint
