transforming...
✓ 154 modules transformed.
rendering chunks...
computing gzip size...
.svelte-kit/output/server/.vite/manifest.json                  4.95 kB │ gzip:  0.69 kB
.svelte-kit/output/server/entries/pages/_layout.ts.js          0.05 kB │ gzip:  0.06 kB
.svelte-kit/output/server/entries/pages/_page.ts.js            0.12 kB │ gzip:  0.12 kB │ map:   0.17 kB
.svelte-kit/output/server/remote-entry.js                      0.16 kB │ gzip:  0.12 kB
.svelte-kit/output/server/entries/pages/_page.svelte.js        0.23 kB │ gzip:  0.19 kB │ map:   0.16 kB
.svelte-kit/output/server/chunks/remote-3215r6.js              0.23 kB │ gzip:  0.14 kB
.svelte-kit/output/server/env.js                               0.31 kB │ gzip:  0.19 kB │ map:   0.57 kB
.svelte-kit/output/server/chunks/server.js                     0.49 kB │ gzip:  0.29 kB │ map:   0.74 kB
.svelte-kit/output/server/entries/pages/_page.server.ts.js     0.94 kB │ gzip:  0.44 kB │ map:   2.09 kB
.svelte-kit/output/server/entries/fallbacks/error.svelte.js    1.34 kB │ gzip:  0.51 kB │ map:   2.87 kB
.svelte-kit/output/server/chunks/fixture.remote.js             1.86 kB │ gzip:  0.89 kB │ map:   2.42 kB
.svelte-kit/output/server/index.js                             2.44 kB │ gzip:  1.00 kB │ map:   3.47 kB
.svelte-kit/output/server/entries/pages/_layout.svelte.js      2.62 kB │ gzip:  1.08 kB │ map:   2.75 kB
.svelte-kit/output/server/chunks/uneval.js                    19.41 kB │ gzip:  5.37 kB │ map:  40.87 kB
.svelte-kit/output/server/chunks/server-errors.js             24.28 kB │ gzip:  4.60 kB │ map:  35.02 kB
.svelte-kit/output/server/chunks/server2.js                   44.50 kB │ gzip: 12.24 kB │ map: 128.26 kB
.svelte-kit/output/server/chunks/remote.js                    55.37 kB │ gzip: 11.93 kB │ map:  90.78 kB
.svelte-kit/output/server/chunks/internal.js                 106.02 kB │ gzip: 27.83 kB │ map: 229.33 kB
.svelte-kit/output/server/chunks/instance.js                 130.97 kB │ gzip: 34.72 kB │ map: 268.06 kB

✓ built in 53ms
Analysing routes
(node:48600) Warning: The 'NO_COLOR' env is ignored due to the 'FORCE_COLOR' env being set.
(Use `node --trace-warnings ...` to show where the warning was created)
Building app
transforming...
✓ 197 modules transformed.
rendering chunks...
computing gzip size...
.svelte-kit/output/client/_app/version.json                          0.02 kB │ gzip:  0.04 kB
.svelte-kit/output/client/.vite/manifest.json                        4.87 kB │ gzip:  0.71 kB
.svelte-kit/output/client/_app/immutable/entry/payload.DSmR2FwN.js   0.06 kB │ gzip:  0.07 kB
.svelte-kit/output/client/_app/immutable/chunks/D9_BHbpu.js          0.07 kB │ gzip:  0.08 kB
.svelte-kit/output/client/_app/immutable/chunks/DK3Fl9T5.js          0.15 kB │ gzip:  0.15 kB
.svelte-kit/output/client/_app/immutable/nodes/2.DicrMwzx.js         0.22 kB │ gzip:  0.19 kB
.svelte-kit/output/client/_app/immutable/nodes/1.3XiNwf1o.js         0.32 kB │ gzip:  0.24 kB
.svelte-kit/output/client/_app/immutable/entry/start.BkYlPxEG.js     0.54 kB │ gzip:  0.32 kB
.svelte-kit/output/client/_app/immutable/entry/app.Ixb34UHC.js       1.12 kB │ gzip:  0.56 kB
.svelte-kit/output/client/_app/immutable/chunks/uBIymjUX.js          1.23 kB │ gzip:  0.68 kB
.svelte-kit/output/client/_app/immutable/chunks/Bjy-W4x2.js          1.36 kB │ gzip:  0.65 kB
.svelte-kit/output/client/_app/immutable/nodes/0.BYJtNgT-.js         3.65 kB │ gzip:  1.63 kB
.svelte-kit/output/client/_app/immutable/chunks/rU1fW449.js          4.74 kB │ gzip:  2.09 kB
.svelte-kit/output/client/_app/immutable/chunks/B14RL7zQ.js         35.01 kB │ gzip: 13.50 kB
.svelte-kit/output/client/_app/immutable/chunks/COrMqP9O.js         43.90 kB │ gzip: 16.14 kB

✓ built in 291ms
(node:48600) Warning: The 'NO_COLOR' env is ignored due to the 'FORCE_COLOR' env being set.
(Use `node --trace-warnings ...` to show where the warning was created)
Prerendering
Error: Kit prerender worker reported a fatal protocol error: SKGO_KIT_PRERENDER_QUEUE: resolved @sveltejs/kit@3.0.0 queue SHA-256 dbe8bbacab35cbd119d6f5bcf9b527ce0f7a1bfa63954b5ebe047df49f46c6d5; expected @sveltejs/kit@3.0.0 with SHA-256 400bf34544e2b3c5512e489eb5a0ca99a7483f0b6d733f70cab9e81e28f3a0f5. Run "go tool skgo kit-patch --web web --apply" from the Go app root, then "cd web && node_modules/.bin/vp install --no-frozen-lockfile", then "go tool skgo kit-patch --web web --check".
[1m[31m500[39m[22m GET /
GUARD_NATIVE_WORKER_JOINED {"original":"SKGO_KIT_PRERENDER_QUEUE: SKGO_KIT_PRERENDER_QUEUE: resolved @sveltejs/kit@3.0.0 queue SHA-256 dbe8bbacab35cbd119d6f5bcf9b527ce0f7a1bfa63954b5ebe047df49f46c6d5; expected @sveltejs/kit@3.0.0 with SHA-256 400bf34544e2b3c5512e489eb5a0ca99a7483f0b6d733f70cab9e81e28f3a0f5. Run \"go tool skgo kit-patch --web web --apply\" from the Go app root, then \"cd web && node_modules/.bin/vp install --no-frozen-lockfile\", then \"go tool skgo kit-patch --web web --check\".","pid":48711,"dir":"/var/folders/lt/09rsy64x65s_0fp2b8zq3n7m0000gn/T/skgo-prerender-RuaNtw","childrenAtRejection":0,"tempDirAtRejection":false,"lateIO":0}
