=== RUN   TestCPUProbe
    cpu_probe_test.go:81: phase=existing-tree wall=4.741693417s allocated=1504.9 MiB gc=20 GOMAXPROCS=10
    cpu_probe_test.go:101: phase=existing-tree source=application parses=188 bytes=273550
    cpu_probe_test.go:101: phase=existing-tree source=framework-checkout parses=57 bytes=676730
    cpu_probe_test.go:101: phase=existing-tree source=standard-library parses=1182 bytes=12577571
    cpu_probe_test.go:101: phase=existing-tree source=module-cache parses=212 bytes=9220347
    cpu_probe_test.go:108: phase=existing-tree parses=1 bytes=4950165 file=/Users/tyler/go/pkg/mod/golang.org/x/text@v0.42.0/collate/tables.go
    cpu_probe_test.go:108: phase=existing-tree parses=1 bytes=523354 file=/opt/homebrew/Cellar/go/1.27.1/libexec/src/crypto/internal/fips140/nistec/p256_table.go
    cpu_probe_test.go:108: phase=existing-tree parses=1 bytes=402801 file=/opt/homebrew/Cellar/go/1.27.1/libexec/src/vendor/golang.org/x/text/unicode/norm/tables17.0.0.go
    cpu_probe_test.go:108: phase=existing-tree parses=1 bytes=402800 file=/Users/tyler/go/pkg/mod/golang.org/x/text@v0.42.0/unicode/norm/tables17.0.0.go
    cpu_probe_test.go:108: phase=existing-tree parses=1 bytes=312250 file=/opt/homebrew/Cellar/go/1.27.1/libexec/src/vendor/golang.org/x/net/idna/tables17.0.0.go
    cpu_probe_test.go:108: phase=existing-tree parses=1 bytes=312250 file=/Users/tyler/go/pkg/mod/golang.org/x/net@v0.59.0/idna/tables17.0.0.go
    cpu_probe_test.go:108: phase=existing-tree parses=1 bytes=272949 file=/Users/tyler/go/pkg/mod/golang.org/x/text@v0.42.0/unicode/rangetable/tables17.0.0.go
    cpu_probe_test.go:108: phase=existing-tree parses=1 bytes=256788 file=/opt/homebrew/Cellar/go/1.27.1/libexec/src/unicode/tables.go
    cpu_probe_test.go:108: phase=existing-tree parses=1 bytes=252048 file=/Users/tyler/go/pkg/mod/github.com/dlclark/regexp2/v2@v2.8.0/syntax/unicode_alias_tables.go
    cpu_probe_test.go:108: phase=existing-tree parses=1 bytes=243217 file=/opt/homebrew/Cellar/go/1.27.1/libexec/src/runtime/proc.go
    cpu_probe_test.go:81: phase=repeat-unchanged wall=4.057609417s allocated=1508.6 MiB gc=13 GOMAXPROCS=10
    cpu_probe_test.go:101: phase=repeat-unchanged source=application parses=188 bytes=273550
    cpu_probe_test.go:101: phase=repeat-unchanged source=framework-checkout parses=57 bytes=676730
    cpu_probe_test.go:101: phase=repeat-unchanged source=standard-library parses=1182 bytes=12577571
    cpu_probe_test.go:101: phase=repeat-unchanged source=module-cache parses=212 bytes=9220347
    cpu_probe_test.go:108: phase=repeat-unchanged parses=1 bytes=4950165 file=/Users/tyler/go/pkg/mod/golang.org/x/text@v0.42.0/collate/tables.go
    cpu_probe_test.go:108: phase=repeat-unchanged parses=1 bytes=523354 file=/opt/homebrew/Cellar/go/1.27.1/libexec/src/crypto/internal/fips140/nistec/p256_table.go
    cpu_probe_test.go:108: phase=repeat-unchanged parses=1 bytes=402801 file=/opt/homebrew/Cellar/go/1.27.1/libexec/src/vendor/golang.org/x/text/unicode/norm/tables17.0.0.go
    cpu_probe_test.go:108: phase=repeat-unchanged parses=1 bytes=402800 file=/Users/tyler/go/pkg/mod/golang.org/x/text@v0.42.0/unicode/norm/tables17.0.0.go
    cpu_probe_test.go:108: phase=repeat-unchanged parses=1 bytes=312250 file=/opt/homebrew/Cellar/go/1.27.1/libexec/src/vendor/golang.org/x/net/idna/tables17.0.0.go
    cpu_probe_test.go:108: phase=repeat-unchanged parses=1 bytes=312250 file=/Users/tyler/go/pkg/mod/golang.org/x/net@v0.59.0/idna/tables17.0.0.go
    cpu_probe_test.go:108: phase=repeat-unchanged parses=1 bytes=272949 file=/Users/tyler/go/pkg/mod/golang.org/x/text@v0.42.0/unicode/rangetable/tables17.0.0.go
    cpu_probe_test.go:108: phase=repeat-unchanged parses=1 bytes=256788 file=/opt/homebrew/Cellar/go/1.27.1/libexec/src/unicode/tables.go
    cpu_probe_test.go:108: phase=repeat-unchanged parses=1 bytes=252048 file=/Users/tyler/go/pkg/mod/github.com/dlclark/regexp2/v2@v2.8.0/syntax/unicode_alias_tables.go
    cpu_probe_test.go:108: phase=repeat-unchanged parses=1 bytes=243217 file=/opt/homebrew/Cellar/go/1.27.1/libexec/src/runtime/proc.go
--- PASS: TestCPUProbe (8.85s)
=== RUN   TestCPUProbeFresh
    cpu_probe_test.go:124: fresh wall=296.085375ms allocated=300.8 MiB stdlib-parses=1090
--- PASS: TestCPUProbeFresh (0.30s)
PASS
